Component: ARM Compiler 5.06 update 6 (build 750) Tool: armlink [4d35ed]

==============================================================================

Section Cross References

    startup.o(STACK) refers (Special) to heapauxi.o(.text) for __use_two_region_memory
    startup.o(HEAP) refers (Special) to heapauxi.o(.text) for __use_two_region_memory
    startup.o(RESET) refers (Special) to heapauxi.o(.text) for __use_two_region_memory
    startup.o(RESET) refers to startup.o(STACK) for Stack_Top
    startup.o(RESET) refers to __main.o(!!!main) for __main
    startup.o(.text) refers (Special) to heapauxi.o(.text) for __use_two_region_memory
    startup.o(.text) refers to startup.o(HEAP) for Heap_Mem
    startup.o(.text) refers to startup.o(STACK) for Stack_Mem
    main.o(i.GPS_data) refers to _printf_percent.o(.ARM.Collect$$_printf_percent$$00000000) for _printf_percent
    main.o(i.GPS_data) refers to _printf_f.o(.ARM.Collect$$_printf_percent$$00000003) for _printf_f
    main.o(i.GPS_data) refers to printf1.o(x$fpl$printf1) for _printf_fp_dec
    main.o(i.GPS_data) refers to main.o(i.Get_GPS_data) for Get_GPS_data
    main.o(i.GPS_data) refers to main.o(i.LCD_send_CMD) for LCD_send_CMD
    main.o(i.GPS_data) refers to main.o(i.LCD_send_String) for LCD_send_String
    main.o(i.GPS_data) refers to main.o(i.delay) for delay
    main.o(i.GPS_data) refers to strtof.o(i.strtof) for strtof
    main.o(i.GPS_data) refers to fdiv.o(x$fpl$fdiv) for __aeabi_fdiv
    main.o(i.GPS_data) refers to ffixu.o(x$fpl$ffixu) for __aeabi_f2uiz
    main.o(i.GPS_data) refers to fflt_noclz.o(x$fpl$ffltu) for __aeabi_ui2f
    main.o(i.GPS_data) refers to faddsub_noclz.o(x$fpl$frsb) for __aeabi_frsub
    main.o(i.GPS_data) refers to f2d.o(x$fpl$f2d) for __aeabi_f2d
    main.o(i.GPS_data) refers to ddiv.o(x$fpl$ddiv) for __aeabi_ddiv
    main.o(i.GPS_data) refers to d2f.o(x$fpl$d2f) for __aeabi_d2f
    main.o(i.GPS_data) refers to faddsub_noclz.o(x$fpl$fadd) for __aeabi_fadd
    main.o(i.GPS_data) refers to noretval__2sprintf.o(.text) for __2sprintf
    main.o(i.GPS_data) refers to main.o(.bss) for buffer
    main.o(i.GPS_data) refers to main.o(.data) for i
    main.o(i.Get_GPS_data) refers to rt_memclr.o(.text) for __aeabi_memclr
    main.o(i.Get_GPS_data) refers to main.o(i.UART0_RX) for UART0_RX
    main.o(i.Get_GPS_data) refers to main.o(i.UART0_TX) for UART0_TX
    main.o(i.Get_GPS_data) refers to main.o(i.UART0_TX_String) for UART0_TX_String
    main.o(i.Get_GPS_data) refers to main.o(.bss) for buffer
    main.o(i.Get_GPS_data) refers to main.o(.data) for data
    main.o(i.LCD_Init) refers to main.o(i.PLL_init) for PLL_init
    main.o(i.LCD_Init) refers to main.o(i.Timer0_init_1Ms) for Timer0_init_1Ms
    main.o(i.LCD_Init) refers to main.o(i.LCD_send_CMD) for LCD_send_CMD
    main.o(i.LCD_Init) refers to main.o(i.delay) for delay
    main.o(i.LCD_send_CMD) refers to main.o(i.delay) for delay
    main.o(i.LCD_send_Data) refers to main.o(i.delay) for delay
    main.o(i.LCD_send_String) refers to main.o(i.LCD_send_Data) for LCD_send_Data
    main.o(i.LCD_send_String) refers to main.o(i.delay) for delay
    main.o(i.UART0_TX_String) refers to main.o(i.UART0_TX) for UART0_TX
    main.o(i.main) refers to main.o(i.LCD_Init) for LCD_Init
    main.o(i.main) refers to main.o(i.UART0_Init) for UART0_Init
    main.o(i.main) refers to main.o(i.LCD_send_CMD) for LCD_send_CMD
    main.o(i.main) refers to main.o(i.LCD_send_String) for LCD_send_String
    main.o(i.main) refers to main.o(i.delay) for delay
    main.o(i.main) refers to rt_memclr_w.o(.text) for __aeabi_memclr4
    main.o(i.main) refers to rt_memclr.o(.text) for __aeabi_memclr
    main.o(i.main) refers to main.o(i.GPS_data) for GPS_data
    main.o(i.main) refers to main.o(i.UART0_TX_String) for UART0_TX_String
    main.o(i.main) refers to main.o(i.UART0_TX) for UART0_TX
    main.o(i.main) refers to main.o(i.LCD_send_Data) for LCD_send_Data
    main.o(i.main) refers to main.o(.bss) for latitude
    main.o(.data) refers to main.o(.conststring) for .conststring
    __2sprintf.o(.text) refers to _printf_char_common.o(.text) for _printf_char_common
    __2sprintf.o(.text) refers to _sputc.o(.text) for _sputc
    noretval__2sprintf.o(.text) refers to _printf_char_common.o(.text) for _printf_char_common
    noretval__2sprintf.o(.text) refers to _sputc.o(.text) for _sputc
    __printf.o(.text) refers to __printf.o(i.__ARM_common_call_via_r1) for __ARM_common_call_via_r1
    __printf.o(.text) refers to _printf_percent.o(.ARM.Collect$$_printf_percent$$00000000) for _printf_percent
    __printf.o(.text) refers to __printf.o(i.__ARM_common_call_via_r2) for __ARM_common_call_via_r2
    __printf_flags.o(.text) refers to __printf.o(i.__ARM_common_call_via_r1) for __ARM_common_call_via_r1
    __printf_flags.o(.text) refers to _printf_percent.o(.ARM.Collect$$_printf_percent$$00000000) for _printf_percent
[...]
    Adding TA veneer (4 bytes, Inline) for call to '__support_ldexp' from scanf_hexfp.o(.text).
    Adding TA veneer (4 bytes, Inline) for call to '_get_lc_numeric' from libinit2.o(.ARM.Collect$$libinit$$00000016).
    Adding TA veneer (4 bytes, Inline) for call to '_get_lc_ctype' from libinit2.o(.ARM.Collect$$libinit$$00000012).
    Adding TA veneer (4 bytes, Inline) for call to '__ieee_status' from _printf_fp_dec.o(.text).
    Adding TA veneer (4 bytes, Inline) for call to '_scanf_real' from strtod.o(.text).
    Adding TA veneer (4 bytes, Inline) for call to '_scanf_hex_real' from scanf_fp.o(.text).

34 Veneer(s) (total 188 bytes) added to the image.

==============================================================================

Image Symbol Table

    Local Symbols

    Symbol Name                              Value     Ov Type        Size  Object(Section)

    RESET                                    0x00000000   Section      272  startup.o(RESET)
    ../clib/angel/boardlib.s                 0x00000000   Number         0  boardinit3.o ABSOLUTE
    ../clib/angel/boardlib.s                 0x00000000   Number         0  boardinit2.o ABSOLUTE
    ../clib/angel/boardlib.s                 0x00000000   Number         0  boardinit1.o ABSOLUTE
    ../clib/angel/boardlib.s                 0x00000000   Number         0  boardshut.o ABSOLUTE
    ../clib/angel/handlers.s                 0x00000000   Number         0  __scatter_copy.o ABSOLUTE
    ../clib/angel/handlers.s                 0x00000000   Number         0  __scatter_zi.o ABSOLUTE
    ../clib/angel/kernel.s                   0x00000000   Number         0  __rtentry2.o ABSOLUTE
    ../clib/angel/kernel.s                   0x00000000   Number         0  __rtentry4.o ABSOLUTE
    ../clib/angel/kernel.s                   0x00000000   Number         0  __rtentry.o ABSOLUTE
    ../clib/angel/kernel.s                   0x00000000   Number         0  rtexit.o ABSOLUTE
    ../clib/angel/kernel.s                   0x00000000   Number         0  rtexit2.o ABSOLUTE
    ../clib/angel/rt.s                       0x00000000   Number         0  aeabi_idiv0_sigfpe.o ABSOLUTE
    ../clib/angel/rt.s                       0x00000000   Number         0  rt_locale.o ABSOLUTE
    ../clib/angel/rt.s                       0x00000000   Number         0  rt_locale_intlibspace.o ABSOLUTE
    ../clib/angel/rt.s                       0x00000000   Number         0  rt_div0.o ABSOLUTE
    ../clib/angel/rt.s                       0x00000000   Number         0  rt_errno_addr_intlibspace.o ABSOLUTE
    ../clib/angel/rt.s                       0x00000000   Number         0  rt_errno_addr.o ABSOLUTE
    ../clib/angel/rt.s                       0x00000000   Number         0  rt_ctype_table.o ABSOLUTE
    ../clib/angel/rt.s                       0x00000000   Number         0  aeabi_idiv0.o ABSOLUTE
    ../clib/angel/rt.s                       0x00000000   Number         0  rt_raise.o ABSOLUTE
    ../clib/angel/scatter.s                  0x00000000   Number         0  __scatter.o ABSOLUTE
    ../clib/angel/startup.s                  0x00000000   Number         0  __main.o ABSOLUTE
    ../clib/angel/sys.s                      0x00000000   Number         0  libspace.o ABSOLUTE
    ../clib/angel/sys.s                      0x00000000   Number         0  sys_stackheap_outer.o ABSOLUTE
    ../clib/angel/sys.s                      0x00000000   Number         0  indicate_semi.o ABSOLUTE
    ../clib/angel/sys.s                      0x00000000   Number         0  use_no_semi.o ABSOLUTE
    ../clib/angel/sysapp.c                   0x00000000   Number         0  sys_exit.o ABSOLUTE
    ../clib/angel/sysapp.c                   0x00000000   Number         0  sys_command.o ABSOLUTE
    ../clib/angel/sysapp.c                   0x00000000   Number         0  sys_wrch.o ABSOLUTE
    ../clib/armsys.c                         0x00000000   Number         0  argv_veneer.o ABSOLUTE
    ../clib/armsys.c                         0x00000000   Number         0  argv_veneer.o ABSOLUTE
    ../clib/armsys.c                         0x00000000   Number         0  no_argv.o ABSOLUTE
    ../clib/armsys.c                         0x00000000   Number         0  _get_argv_nomalloc.o ABSOLUTE
    ../clib/bigflt.c                         0x00000000   Number         0  bigflt0.o ABSOLUTE
    ../clib/btod.s                           0x00000000   Number         0  btod.o ABSOLUTE
    ../clib/ctype.c                          0x00000000   Number         0  isspace.o ABSOLUTE
    ../clib/division.s                       0x00000000   Number         0  rtudiv10.o ABSOLUTE
    ../clib/division.s                       0x00000000   Number         0  aeabi_sdiv_div0.o ABSOLUTE
    ../clib/division.s                       0x00000000   Number         0  aeabi_sdiv.o ABSOLUTE
    ../clib/divrt.s                          0x00000000   Number         0  divrt_7tdmi.o ABSOLUTE
    ../clib/divrt.s                          0x00000000   Number         0  divrt_7tdmi_div0.o ABSOLUTE
    ../clib/fenv.c                           0x00000000   Number         0  _rserrno.o ABSOLUTE
    ../clib/heapalloc.c                      0x00000000   Number         0  hrguard.o ABSOLUTE
    ../clib/heapaux.c                        0x00000000   Number         0  heapauxi.o ABSOLUTE
    ../clib/libinit.s                        0x00000000   Number         0  libinit.o ABSOLUTE
    ../clib/libinit.s                        0x00000000   Number         0  libinit2.o ABSOLUTE
    ../clib/libinit.s                        0x00000000   Number         0  libshutdown2.o ABSOLUTE
    ../clib/libinit.s                        0x00000000   Number         0  libshutdown.o ABSOLUTE
    ../clib/locale.s                         0x00000000   Number         0  lc_numeric_c.o ABSOLUTE
    ../clib/locale.s                         0x00000000   Number         0  lc_ctype_c.o ABSOLUTE
    ../clib/longlong.s                       0x00000000   Number         0  llmul.o ABSOLUTE
    ../clib/longlong.s                       0x00000000   Number         0  lludiv10.o ABSOLUTE
    ../clib/longlong.s                       0x00000000   Number         0  llshl.o ABSOLUTE
    ../clib/memcpset.s                       0x00000000   Number         0  rt_memclr.o ABSOLUTE
    ../clib/memcpset.s                       0x00000000   Number         0  rt_memclr_w.o ABSOLUTE
    ../clib/memcpset.s                       0x00000000   Number         0  strcmp.o ABSOLUTE
    ../clib/printf.c                         0x00000000   Number         0  __printf_ss_wp.o ABSOLUTE
    ../clib/printf.c                         0x00000000   Number         0  _sputc.o ABSOLUTE
    ../clib/printf.c                         0x00000000   Number         0  _printf_char_common.o ABSOLUTE
    ../clib/printf.c                         0x00000000   Number         0  __printf_flags_ss_wp.o ABSOLUTE
    ../clib/printf.c                         0x00000000   Number         0  __printf_flags_wp.o ABSOLUTE
    ../clib/printf.c                         0x00000000   Number         0  __printf_nopercent.o ABSOLUTE
    ../clib/printf.c                         0x00000000   Number         0  __printf_wp.o ABSOLUTE
    ../clib/printf.c                         0x00000000   Number         0  __2sprintf.o ABSOLUTE
    ../clib/printf.c                         0x00000000   Number         0  _printf_fp_dec.o ABSOLUTE
    ../clib/printf.c                         0x00000000   Number         0  __printf_flags_ss.o ABSOLUTE
    ../clib/printf.c                         0x00000000   Number         0  __printf_ss.o ABSOLUTE
    ../clib/printf.c                         0x00000000   Number         0  _printf_fp_infnan.o ABSOLUTE
    ../clib/printf.c                         0x00000000   Number         0  __printf.o ABSOLUTE
    ../clib/printf.c                         0x00000000   Number         0  noretval__2sprintf.o ABSOLUTE
    ../clib/printf.c                         0x00000000   Number         0  __printf_flags.o ABSOLUTE
    ../clib/printf_percent.s                 0x00000000   Number         0  _printf_f.o ABSOLUTE
    ../clib/printf_percent.s                 0x00000000   Number         0  _printf_percent.o ABSOLUTE
    ../clib/printf_percent.s                 0x00000000   Number         0  _printf_percent_end.o ABSOLUTE
    ../clib/scanf.c                          0x00000000   Number         0  _chval.o ABSOLUTE
    ../clib/scanf.c                          0x00000000   Number         0  scanf_fp.o ABSOLUTE
    ../clib/scanf.c                          0x00000000   Number         0  strtof.o ABSOLUTE
    ../clib/scanf.c                          0x00000000   Number         0  scanf_hexfp.o ABSOLUTE
    ../clib/scanf.c                          0x00000000   Number         0  scanf_infnan.o ABSOLUTE
    ../clib/scanf.c                          0x00000000   Number         0  strtod.o ABSOLUTE
    ../clib/scanf.c                          0x00000000   Number         0  _sgetc.o ABSOLUTE
    ../clib/signal.c                         0x00000000   Number         0  defsig_segv_inner.o ABSOLUTE
    ../clib/signal.c                         0x00000000   Number         0  defsig_rtred_inner.o ABSOLUTE
    ../clib/signal.c                         0x00000000   Number         0  defsig_rtmem_inner.o ABSOLUTE
    ../clib/signal.c                         0x00000000   Number         0  defsig_rtmem_formal.o ABSOLUTE
    ../clib/signal.c                         0x00000000   Number         0  defsig_abrt_inner.o ABSOLUTE
    ../clib/signal.c                         0x00000000   Number         0  defsig_other.o ABSOLUTE
    ../clib/signal.c                         0x00000000   Number         0  defsig_fpe_formal.o ABSOLUTE
    ../clib/signal.c                         0x00000000   Number         0  defsig_cppl_inner.o ABSOLUTE
    ../clib/signal.c                         0x00000000   Number         0  defsig_fpe_inner.o ABSOLUTE
    ../clib/signal.c                         0x00000000   Number         0  defsig_stak_inner.o ABSOLUTE
    ../clib/signal.c                         0x00000000   Number         0  defsig_fpe_outer.o ABSOLUTE
    ../clib/signal.c                         0x00000000   Number         0  defsig_exit.o ABSOLUTE
    ../clib/signal.c                         0x00000000   Number         0  __raise.o ABSOLUTE
    ../clib/signal.c                         0x00000000   Number         0  defsig_pvfn_inner.o ABSOLUTE
    ../clib/signal.c                         0x00000000   Number         0  defsig_general.o ABSOLUTE
    ../clib/signal.c                         0x00000000   Number         0  defsig_rtmem_outer.o ABSOLUTE
    ../clib/signal.s                         0x00000000   Number         0  defsig.o ABSOLUTE
    ../clib/stdlib.c                         0x00000000   Number         0  exit.o ABSOLUTE
    ../fplib/d2f.s                           0x00000000   Number         0  d2f.o ABSOLUTE
    ../fplib/daddsub.s                       0x00000000   Number         0  daddsub_noclz.o ABSOLUTE
    ../fplib/dcheck1.s                       0x00000000   Number         0  dcheck1.o ABSOLUTE
    ../fplib/dcmpi.s                         0x00000000   Number         0  dcmpi.o ABSOLUTE
    ../fplib/ddiv.s                          0x00000000   Number         0  ddiv.o ABSOLUTE
    ../fplib/deqf.s                          0x00000000   Number         0  deqf.o ABSOLUTE
    ../fplib/dleqf.s                         0x00000000   Number         0  dleqf.o ABSOLUTE
    ../fplib/dmul.s                          0x00000000   Number         0  dmul.o ABSOLUTE
    ../fplib/dnaninf.s                       0x00000000   Number         0  dnaninf.o ABSOLUTE
    ../fplib/dretinf.s                       0x00000000   Number         0  dretinf.o ABSOLUTE
    ../fplib/drleqf.s                        0x00000000   Number         0  drleqf.o ABSOLUTE
    ../fplib/f2d.s                           0x00000000   Number         0  f2d.o ABSOLUTE
    ../fplib/faddsub.s                       0x00000000   Number         0  faddsub_noclz.o ABSOLUTE
    ../fplib/fdiv.s                          0x00000000   Number         0  fdiv.o ABSOLUTE
    ../fplib/ffixu.s                         0x00000000   Number         0  ffixu.o ABSOLUTE
    ../fplib/fflt.s                          0x00000000   Number         0  fflt_noclz.o ABSOLUTE
    ../fplib/fnaninf.s                       0x00000000   Number         0  fnaninf.o ABSOLUTE
    ../fplib/fpconst.s                       0x00000000   Number         0  fpconst.o ABSOLUTE
    ../fplib/fpinit.s                        0x00000000   Number         0  fpinit.o ABSOLUTE
    ../fplib/fretinf.s                       0x00000000   Number         0  fretinf.o ABSOLUTE
    ../fplib/istatus.s                       0x00000000   Number         0  istatus.o ABSOLUTE
    ../fplib/printf1.s                       0x00000000   Number         0  printf1.o ABSOLUTE
    ../fplib/retnan.s                        0x00000000   Number         0  retnan.o ABSOLUTE
    ../fplib/scalbn.s                        0x00000000   Number         0  scalbn.o ABSOLUTE
    ../fplib/scanf1.s                        0x00000000   Number         0  scanf1.o ABSOLUTE
    ../fplib/scanf2.s                        0x00000000   Number         0  scanf2.o ABSOLUTE
    ../fplib/scanf2a.s                       0x00000000   Number         0  scanf2a.o ABSOLUTE
    ../fplib/scanf2b.s                       0x00000000   Number         0  scanf2b.o ABSOLUTE
    ../fplib/trapv.s                         0x00000000   Number         0  trapv.o ABSOLUTE
    ../fplib/usenofp.s                       0x00000000   Number         0  usenofp.o ABSOLUTE
    ../mathlib/dunder.c                      0x00000000   Number         0  dunder.o ABSOLUTE
    ../mathlib/fpclassify.c                  0x00000000   Number         0  fpclassify.o ABSOLUTE
    ../mathlib/frexp.c                       0x00000000   Number         0  frexp.o ABSOLUTE
    ../mathlib/ldexp.c                       0x00000000   Number         0  ldexp_x.o ABSOLUTE
    ../mathlib/ldexp.c                       0x00000000   Number         0  ldexp.o ABSOLUTE
    ../mathlib/narrow.c                      0x00000000   Number         0  narrow.o ABSOLUTE
    ../mathlib/qnan.c                        0x00000000   Number         0  qnan.o ABSOLUTE
    ../mathlib/strtof.c                      0x00000000   Number         0  strtof.o ABSOLUTE
    Startup.s                                0x00000000   Number         0  startup.o ABSOLUTE
    dc.s                                     0x00000000   Number         0  dc.o ABSOLUTE
    main.c                                   0x00000000   Number         0  main.o ABSOLUTE
    Undef_Handler                            0x00000040   ARM Code       4  startup.o(RESET)
    SWI_Handler                              0x00000044   ARM Code       4  startup.o(RESET)
    PAbt_Handler                             0x00000048   ARM Code       4  startup.o(RESET)
    DAbt_Handler                             0x0000004c   ARM Code       4  startup.o(RESET)
    IRQ_Handler                              0x00000050   ARM Code       4  startup.o(RESET)
    FIQ_Handler                              0x00000054   ARM Code       4  startup.o(RESET)
    !!!main                                  0x00000110   Section        8  __main.o(!!!main)
    !!!scatter                               0x00000118   Section       60  __scatter.o(!!!scatter)
    !!handler_copy                           0x00000154   Section       40  __scatter_copy.o(!!handler_copy)
    !!handler_zi                             0x0000017c   Section       44  __scatter_zi.o(!!handler_zi)
    .ARM.Collect$$_printf_percent$$00000000  0x000001ac   Section        0  _printf_percent.o(.ARM.Collect$$_printf_percent$$00000000)
    .ARM.Collect$$_printf_percent$$00000003  0x000001ac   Section        8  _printf_f.o(.ARM.Collect$$_printf_percent$$00000003)
    .ARM.Collect$$_printf_percent$$00000017  0x000001b4   Section        8  _printf_percent_end.o(.ARM.Collect$$_printf_percent$$00000017)
    .ARM.Collect$$libinit$$00000000          0x000001c4   Section        2  libinit.o(.ARM.Collect$$libinit$$00000000)
    .ARM.Collect$$libinit$$00000002          0x000001c6   Section        0  libinit2.o(.ARM.Collect$$libinit$$00000002)
    .ARM.Collect$$libinit$$00000004          0x000001c6   Section        0  libinit2.o(.ARM.Collect$$libinit$$00000004)
    .ARM.Collect$$libinit$$0000000A          0x000001c6   Section        0  libinit2.o(.ARM.Collect$$libinit$$0000000A)
    .ARM.Collect$$libinit$$0000000C          0x000001c6   Section        0  libinit2.o(.ARM.Collect$$libinit$$0000000C)
    .ARM.Collect$$libinit$$0000000E          0x000001c6   Section        0  libinit2.o(.ARM.Collect$$libinit$$0000000E)
    .ARM.Collect$$libinit$$0000000F          0x000001c6   Section        6  libinit2.o(.ARM.Collect$$libinit$$0000000F)
    .ARM.Collect$$libinit$$00000011          0x000001cc   Section        0  libinit2.o(.ARM.Collect$$libinit$$00000011)
    .ARM.Collect$$libinit$$00000012          0x000001cc   Section       12  libinit2.o(.ARM.Collect$$libinit$$00000012)
    .ARM.Collect$$libinit$$00000013          0x000001d8   Section        0  libinit2.o(.ARM.Collect$$libinit$$00000013)
    .ARM.Collect$$libinit$$00000015          0x000001d8   Section        0  libinit2.o(.ARM.Collect$$libinit$$00000015)
    .ARM.Collect$$libinit$$00000016          0x000001d8   Section       10  libinit2.o(.ARM.Collect$$libinit$$00000016)
    .ARM.Collect$$libinit$$00000017          0x000001e2   Section        0  libinit2.o(.ARM.Collect$$libinit$$00000017)
    .ARM.Collect$$libinit$$00000019          0x000001e2   Section        0  libinit2.o(.ARM.Collect$$libinit$$00000019)
    .ARM.Collect$$libinit$$0000001B          0x000001e2   Section        0  libinit2.o(.ARM.Collect$$libinit$$0000001B)
    .ARM.Collect$$libinit$$0000001D          0x000001e2   Section        0  libinit2.o(.ARM.Collect$$libinit$$0000001D)
    .ARM.Collect$$libinit$$0000001F          0x000001e2   Section        0  libinit2.o(.ARM.Collect$$libinit$$0000001F)
    .ARM.Collect$$libinit$$00000021          0x000001e2   Section        0  libinit2.o(.ARM.Collect$$libinit$$00000021)
    .ARM.Collect$$libinit$$00000023          0x000001e2   Section        0  libinit2.o(.ARM.Collect$$libinit$$00000023)
    .ARM.Collect$$libinit$$00000025          0x000001e2   Section        0  libinit2.o(.ARM.Collect$$libinit$$00000025)
    .ARM.Collect$$libinit$$0000002C          0x000001e2   Section        0  libinit2.o(.ARM.Collect$$libinit$$0000002C)
    .ARM.Collect$$libinit$$0000002E          0x000001e2   Section        0  libinit2.o(.ARM.Collect$$libinit$$0000002E)
    .ARM.Collect$$libinit$$00000030          0x000001e2   Section        0  libinit2.o(.ARM.Collect$$libinit$$00000030)
    .ARM.Collect$$libinit$$00000032          0x000001e2   Section        0  libinit2.o(.ARM.Collect$$libinit$$00000032)
    .ARM.Collect$$libinit$$00000033          0x000001e2   Section       12  libinit2.o(.ARM.Collect$$libinit$$00000033)
    .ARM.Collect$$libshutdown$$00000000      0x000001f8   Section        4  libshutdown.o(.ARM.Collect$$libshutdown$$00000000)
    .ARM.Collect$$libshutdown$$00000002      0x000001fc   Section        0  libshutdown2.o(.ARM.Collect$$libshutdown$$00000002)
    .ARM.Collect$$libshutdown$$00000004      0x000001fc   Section        0  libshutdown2.o(.ARM.Collect$$libshutdown$$00000004)
    .ARM.Collect$$libshutdown$$00000007      0x000001fc   Section        0  libshutdown2.o(.ARM.Collect$$libshutdown$$00000007)
    .ARM.Collect$$libshutdown$$0000000A      0x000001fc   Section        0  libshutdown2.o(.ARM.Collect$$libshutdown$$0000000A)
    .ARM.Collect$$libshutdown$$0000000C      0x000001fc   Section        0  libshutdown2.o(.ARM.Collect$$libshutdown$$0000000C)
    .ARM.Collect$$libshutdown$$0000000F      0x000001fc   Section        0  libshutdown2.o(.ARM.Collect$$libshutdown$$0000000F)
    .ARM.Collect$$libshutdown$$00000010      0x000001fc   Section        6  libshutdown2.o(.ARM.Collect$$libshutdown$$00000010)
    .ARM.Collect$$rtentry$$00000000          0x00000204   Section        0  __rtentry.o(.ARM.Collect$$rtentry$$00000000)
    .ARM.Collect$$rtentry$$00000002          0x00000204   Section        0  __rtentry2.o(.ARM.Collect$$rtentry$$00000002)
    .ARM.Collect$$rtentry$$00000004          0x00000204   Section        8  __rtentry4.o(.ARM.Collect$$rtentry$$00000004)
    .ARM.Collect$$rtentry$$00000009          0x0000020c   Section        0  __rtentry2.o(.ARM.Collect$$rtentry$$00000009)
    .ARM.Collect$$rtentry$$0000000A          0x0000020c   Section        4  __rtentry2.o(.ARM.Collect$$rtentry$$0000000A)
    .ARM.Collect$$rtentry$$0000000C          0x00000210   Section        0  __rtentry2.o(.ARM.Collect$$rtentry$$0000000C)
    .ARM.Collect$$rtentry$$0000000D          0x00000210   Section       40  __rtentry2.o(.ARM.Collect$$rtentry$$0000000D)
    .ARM.Collect$$rtexit$$00000000           0x0000023c   Section        4  rtexit.o(.ARM.Collect$$rtexit$$00000000)
    .ARM.Collect$$rtexit$$00000002           0x00000240   Section        0  rtexit2.o(.ARM.Collect$$rtexit$$00000002)
    .ARM.Collect$$rtexit$$00000003           0x00000240   Section        4  rtexit2.o(.ARM.Collect$$rtexit$$00000003)
    .ARM.Collect$$rtexit$$00000004           0x00000244   Section        8  rtexit2.o(.ARM.Collect$$rtexit$$00000004)
    .text                                    0x0000024c   Section       32  startup.o(.text)
    .text                                    0x00000274   Section        0  noretval__2sprintf.o(.text)
    .text                                    0x0000029c   Section        0  __printf.o(.text)
    .text                                    0x00000314   Section       64  rt_memclr.o(.text)
    .text                                    0x00000354   Section       84  rt_memclr_w.o(.text)
    .text                                    0x000003a8   Section        0  heapauxi.o(.text)
    .text                                    0x000003b0   Section        0  _printf_fp_dec.o(.text)
    _fp_digits                               0x000003b3   Thumb Code   414  _printf_fp_dec.o(.text)
    .text                                    0x000007d0   Section        0  _printf_char_common.o(.text)
    _printf_input_char                       0x000007d1   Thumb Code    10  _printf_char_common.o(.text)
    .text                                    0x00000800   Section        0  _sputc.o(.text)
    .text                                    0x00000814   Section        0  strtof.o(.text)
    .text                                    0x00000838   Section       12  rt_locale_intlibspace.o(.text)
    .text                                    0x00000848   Section      160  lludiv10.o(.text)
    .text                                    0x000008e8   Section        0  _printf_fp_infnan.o(.text)
    .text                                    0x00000978   Section        0  strtod.o(.text)
    _local_sscanf                            0x00000979   Thumb Code    60  strtod.o(.text)
    .text                                    0x00000a28   Section        0  bigflt0.o(.text)
    .text                                    0x00000b08   Section       44  rtudiv10.o(.text)
    .text                                    0x00000b34   Section       12  libspace.o(.text)
    .text                                    0x00000b40   Section       96  sys_stackheap_outer.o(.text)
    .text                                    0x00000ba8   Section        0  _rserrno.o(.text)
    .text                                    0x00000bc2   Section        0  isspace.o(.text)
    .text                                    0x00000bd8   Section        0  _sgetc.o(.text)
    .text                                    0x00000c1c   Section        0  exit.o(.text)
    .text                                    0x00000c30   Section      244  strcmp.o(.text)
    .text                                    0x00000d28   Section      384  aeabi_sdiv.o(.text)
    __arm_div8                               0x00000d54   ARM Code       0  aeabi_sdiv.o(.text)
    __arm_div5                               0x00000d78   ARM Code       0  aeabi_sdiv.o(.text)
    __arm_div2                               0x00000d9c   ARM Code       0  aeabi_sdiv.o(.text)
    __arm_div_large                          0x00000dd8   ARM Code       0  aeabi_sdiv.o(.text)
    .text                                    0x00000eac   Section       24  rt_ctype_table.o(.text)
    .text                                    0x00000ec8   Section       12  rt_errno_addr_intlibspace.o(.text)
    .text                                    0x00000ed4   Section        0  scanf_fp.o(.text)
    _fp_value                                0x00000ed5   Thumb Code   606  scanf_fp.o(.text)
    .text                                    0x00001414   Section       28  llmul.o(.text)
    .text                                    0x00001438   Section        0  sys_exit.o(.text)
    .text                                    0x0000144c   Section        0  scanf_hexfp.o(.text)
    .text                                    0x0000179c   Section        0  scanf_infnan.o(.text)
    .text                                    0x000018ec   Section        4  use_no_semi.o(.text)
    .text                                    0x000018f0   Section        0  indicate_semi.o(.text)
    .text                                    0x000018f4   Section       40  llshl.o(.text)
    .text                                    0x0000191c   Section        0  _chval.o(.text)
    CL$$btod_d2e                             0x00001940   Section       56  btod.o(CL$$btod_d2e)
    CL$$btod_d2e_denorm_low                  0x00001978   Section       84  btod.o(CL$$btod_d2e_denorm_low)
    CL$$btod_d2e_norm_op1                    0x000019cc   Section      104  btod.o(CL$$btod_d2e_norm_op1)
    CL$$btod_div_common                      0x00001a34   Section      844  btod.o(CL$$btod_div_common)
    CL$$btod_e2d                             0x00001d80   Section      156  btod.o(CL$$btod_e2d)
    CL$$btod_e2e                             0x00001e1c   Section      244  btod.o(CL$$btod_e2e)
    CL$$btod_ediv                            0x00001f14   Section       56  btod.o(CL$$btod_ediv)
    CL$$btod_edivd                           0x00001f50   Section       56  btod.o(CL$$btod_edivd)
    CL$$btod_emul                            0x00001f8c   Section       56  btod.o(CL$$btod_emul)
    CL$$btod_emuld                           0x00001fc8   Section       56  btod.o(CL$$btod_emuld)
    CL$$btod_mult_common                     0x00002000   Section      616  btod.o(CL$$btod_mult_common)
    i.GPS_data                               0x00002288   Section        0  main.o(i.GPS_data)
    GPS_data                                 0x00002288   ARM Code     796  main.o(i.GPS_data)
    i.Get_GPS_data                           0x000025a4   Section        0  main.o(i.Get_GPS_data)
    Get_GPS_data                             0x000025a4   ARM Code     292  main.o(i.Get_GPS_data)
    i.LCD_Init                               0x000026dc   Section        0  main.o(i.LCD_Init)
    i.LCD_send_CMD                           0x000027a8   Section        0  main.o(i.LCD_send_CMD)
    i.LCD_send_Data                          0x00002918   Section        0  main.o(i.LCD_send_Data)
    i.LCD_send_String                        0x00002a88   Section        0  main.o(i.LCD_send_String)
    i.PLL_init                               0x00002acc   Section        0  main.o(i.PLL_init)
    i.Timer0_init_1Ms                        0x00002ba4   Section        0  main.o(i.Timer0_init_1Ms)
    i.UART0_Init                             0x00002bc0   Section        0  main.o(i.UART0_Init)
    i.UART0_RX                               0x00002c18   Section        0  main.o(i.UART0_RX)
    i.UART0_TX                               0x00002c40   Section        0  main.o(i.UART0_TX)
    i.UART0_TX_String                        0x00002c68   Section        0  main.o(i.UART0_TX_String)
    i.__ARM_common_call_via_r1               0x00002c94   Section        0  __printf.o(i.__ARM_common_call_via_r1)
    i.__ARM_common_call_via_r2               0x00002c96   Section        0  __printf.o(i.__ARM_common_call_via_r2)
    i.__ARM_fpclassify                       0x00002c9c   Section        0  fpclassify.o(i.__ARM_fpclassify)
    i.__mathlib_dbl_overflow                 0x00002ccc   Section        0  dunder.o(i.__mathlib_dbl_overflow)
    i.__mathlib_dbl_underflow                0x00002ce0   Section        0  dunder.o(i.__mathlib_dbl_underflow)
    i.__mathlib_narrow                       0x00002cf8   Section        0  narrow.o(i.__mathlib_narrow)
    i.__mathlib_tofloat                      0x00002d14   Section        0  narrow.o(i.__mathlib_tofloat)
    i.__support_ldexp                        0x00002e44   Section        0  ldexp.o(i.__support_ldexp)
    i._is_digit                              0x00002e68   Section        0  __printf_wp.o(i._is_digit)
    i.delay                                  0x00002e78   Section        0  main.o(i.delay)
    i.frexp                                  0x00002ebc   Section        0  frexp.o(i.frexp)
    i.ldexp                                  0x00002f3c   Section        0  ldexp.o(i.ldexp)
    i.main                                   0x00002ff4   Section        0  main.o(i.main)
    i.strtof                                 0x000031bc   Section        0  strtof.o(i.strtof)
    locale$$code                             0x000031e8   Section       80  lc_numeric_c.o(locale$$code)
    locale$$code                             0x0000323c   Section       80  lc_ctype_c.o(locale$$code)
    x$fpl$d2f                                0x0000328c   Section      108  d2f.o(x$fpl$d2f)
    x$fpl$dcheck1                            0x000032f8   Section       16  dcheck1.o(x$fpl$dcheck1)
    x$fpl$dcmpinf                            0x00003308   Section       28  dcmpi.o(x$fpl$dcmpinf)
    x$fpl$ddiv                               0x00003324   Section      736  ddiv.o(x$fpl$ddiv)
    ddiv_entry                               0x0000332c   ARM Code       0  ddiv.o(x$fpl$ddiv)
    x$fpl$deqf                               0x00003604   Section      148  deqf.o(x$fpl$deqf)
    x$fpl$dleqf                              0x00003698   Section      148  dleqf.o(x$fpl$dleqf)
    x$fpl$dnaninf                            0x0000372c   Section      192  dnaninf.o(x$fpl$dnaninf)
    x$fpl$dretinf                            0x000037ec   Section       16  dretinf.o(x$fpl$dretinf)
    x$fpl$drleqf                             0x000037fc   Section      140  drleqf.o(x$fpl$drleqf)
    x$fpl$f2d                                0x00003888   Section      100  f2d.o(x$fpl$f2d)
    x$fpl$fadd                               0x000038ec   Section      196  faddsub_noclz.o(x$fpl$fadd)
    _fadd1                                   0x000038f8   ARM Code       0  faddsub_noclz.o(x$fpl$fadd)
    x$fpl$fdiv                               0x000039b0   Section      400  fdiv.o(x$fpl$fdiv)
    _fdiv1                                   0x000039b0   ARM Code       0  fdiv.o(x$fpl$fdiv)
    x$fpl$ffixu                              0x00003b40   Section       84  ffixu.o(x$fpl$ffixu)
    x$fpl$fflt                               0x00003b94   Section       92  fflt_noclz.o(x$fpl$fflt)
    x$fpl$ffltu                              0x00003bf0   Section        8  fflt_noclz.o(x$fpl$ffltu)
    x$fpl$fnaninf                            0x00003bf8   Section      168  fnaninf.o(x$fpl$fnaninf)
    x$fpl$fretinf                            0x00003ca0   Section       16  fretinf.o(x$fpl$fretinf)
    x$fpl$frsb                               0x00003cb0   Section       20  faddsub_noclz.o(x$fpl$frsb)
    x$fpl$fsub                               0x00003cc4   Section      304  faddsub_noclz.o(x$fpl$fsub)
    _fsub1                                   0x00003cd0   ARM Code       0  faddsub_noclz.o(x$fpl$fsub)
    x$fpl$ieeestatus                         0x00003df8   Section        8  istatus.o(x$fpl$ieeestatus)
    x$fpl$printf1                            0x00003e00   Section        4  printf1.o(x$fpl$printf1)
    x$fpl$retnan                             0x00003e04   Section      116  retnan.o(x$fpl$retnan)
    x$fpl$scalbn                             0x00003e78   Section      104  scalbn.o(x$fpl$scalbn)
    x$fpl$scanf1                             0x00003ee4   Section        4  scanf1.o(x$fpl$scanf1)
    x$fpl$scanf2                             0x00003eec   Section        8  scanf2.o(x$fpl$scanf2)
    x$fpl$trapveneer                         0x00003ef4   Section       60  trapv.o(x$fpl$trapveneer)
    .constdata                               0x00003f30   Section      148  bigflt0.o(.constdata)
    x$fpl$usenofp                            0x00003f30   Section        0  usenofp.o(x$fpl$usenofp)
    tenpwrs_x                                0x00003f30   Data          60  bigflt0.o(.constdata)
    tenpwrs_i                                0x00003f6c   Data          64  bigflt0.o(.constdata)
    .conststring                             0x00003fc4   Section        7  main.o(.conststring)
    c$$dinf                                  0x00003fec   Section        8  fpconst.o(c$$dinf)
    c$$dmax                                  0x00003ff4   Section        8  fpconst.o(c$$dmax)
    locale$$data                             0x00003ffc   Section       28  lc_numeric_c.o(locale$$data)
    __lcnum_c_name                           0x00004000   Data           2  lc_numeric_c.o(locale$$data)
    __lcnum_c_start                          0x00004008   Data           0  lc_numeric_c.o(locale$$data)
    __lcnum_c_point                          0x00004014   Data           0  lc_numeric_c.o(locale$$data)
    __lcnum_c_thousands                      0x00004016   Data           0  lc_numeric_c.o(locale$$data)
    __lcnum_c_grouping                       0x00004017   Data           0  lc_numeric_c.o(locale$$data)
    locale$$data                             0x00004018   Section      272  lc_ctype_c.o(locale$$data)
    __lcnum_c_end                            0x00004018   Data           0  lc_numeric_c.o(locale$$data)
    __lcctype_c_name                         0x0000401c   Data           2  lc_ctype_c.o(locale$$data)
    __lcctype_c_start                        0x00004024   Data           0  lc_ctype_c.o(locale$$data)
    __lcctype_c_end                          0x00004128   Data           0  lc_ctype_c.o(locale$$data)
    .data                                    0x40000000   Section        9  main.o(.data)
    .bss                                     0x4000000c   Section      137  main.o(.bss)
    .bss                                     0x40000098   Section       96  libspace.o(.bss)
    HEAP                                     0x400000f8   Section        0  startup.o(HEAP)
    STACK                                    0x400000f8   Section     1160  startup.o(STACK)
    Heap_Mem                                 0x400000f8   Data           0  startup.o(HEAP)
    Stack_Mem                                0x400000f8   Data        1024  startup.o(STACK)
    Stack_Top                                0x40000580   Data           0  startup.o(STACK)

    Global Symbols

    Symbol Name                              Value     Ov Type        Size  Object(Section)

    BuildAttributes$$THM_ISAv1$ARM_ISAv4$S$PE$A:L22$X:L11$S22$IEEE1$IW$USESV6$~STKCKD$USESV7$~SHL$OTIME$ROPI$IEEEX$EBA8$UX$STANDARDLIB$REQ8$PRES8$EABIv2 0x00000000   Number         0  anon$$obj.o ABSOLUTE
    __ARM_use_no_argv                        0x00000000   Number         0  main.o ABSOLUTE
    __ARM_exceptions_init                     - Undefined Weak Reference
    __alloca_initialize                       - Undefined Weak Reference
    __arm_preinit_                            - Undefined Weak Reference
    __cpp_initialize__aeabi_                  - Undefined Weak Reference
    __cxa_finalize                            - Undefined Weak Reference
    __sigvec_lookup                           - Undefined Weak Reference
    _atexit_init                              - Undefined Weak Reference
    _call_atexit_fns                          - Undefined Weak Reference
    _clock_init                               - Undefined Weak Reference
    _fp_trap_init                             - Undefined Weak Reference
    _fp_trap_shutdown                         - Undefined Weak Reference
    _get_lc_collate                           - Undefined Weak Reference
    _get_lc_monetary                          - Undefined Weak Reference
    _get_lc_time                              - Undefined Weak Reference
    _getenv_init                              - Undefined Weak Reference
    _handle_redirection                       - Undefined Weak Reference
    _init_alloc                               - Undefined Weak Reference
    _init_user_alloc                          - Undefined Weak Reference
    _initio                                   - Undefined Weak Reference
    _printf_post_padding                      - Undefined Weak Reference
    _printf_pre_padding                       - Undefined Weak Reference
    _rand_init                                - Undefined Weak Reference
    _signal_finish                            - Undefined Weak Reference
    _signal_init                              - Undefined Weak Reference
    _terminate_alloc                          - Undefined Weak Reference
    _terminate_user_alloc                     - Undefined Weak Reference
    _terminateio                              - Undefined Weak Reference
    Reset_Handler                            0x00000058   ARM Code       0  startup.o(RESET)
    __main                                   0x00000110   ARM Code       8  __main.o(!!!main)
    __scatterload                            0x00000118   ARM Code       0  __scatter.o(!!!scatter)
    __scatterload_rt2                        0x00000118   ARM Code      52  __scatter.o(!!!scatter)
    __scatterload_null                       0x0000012c   ARM Code       0  __scatter.o(!!!scatter)
    __scatterload_copy                       0x00000154   ARM Code      40  __scatter_copy.o(!!handler_copy)
    __scatterload_zeroinit                   0x0000017c   ARM Code      44  __scatter_zi.o(!!handler_zi)
    Inline Thumb to ARM Veneer to _printf_percent 0x000001a9   Thumb Code     4  _printf_percent.o(.ARM.Collect$$_printf_percent$$00000000)
    _printf_f                                0x000001ac   ARM Code       0  _printf_f.o(.ARM.Collect$$_printf_percent$$00000003)
    _printf_percent                          0x000001ac   ARM Code       0  _printf_percent.o(.ARM.Collect$$_printf_percent$$00000000)
    _printf_percent_end                      0x000001b4   ARM Code       0  _printf_percent_end.o(.ARM.Collect$$_printf_percent$$00000017)
    Inline ARM to Thumb Veneer to __rt_lib_init 0x000001bc   ARM Code       8  libinit.o(.ARM.Collect$$libinit$$00000000)
    __rt_lib_init                            0x000001c5   Thumb Code     0  libinit.o(.ARM.Collect$$libinit$$00000000)
    __rt_lib_init_fp_1                       0x000001c7   Thumb Code     0  libinit2.o(.ARM.Collect$$libinit$$00000002)
    __rt_lib_init_heap_1                     0x000001c7   Thumb Code     0  libinit2.o(.ARM.Collect$$libinit$$0000000A)
    __rt_lib_init_lc_common                  0x000001c7   Thumb Code     0  libinit2.o(.ARM.Collect$$libinit$$0000000F)
    __rt_lib_init_preinit_1                  0x000001c7   Thumb Code     0  libinit2.o(.ARM.Collect$$libinit$$00000004)
    __rt_lib_init_rand_1                     0x000001c7   Thumb Code     0  libinit2.o(.ARM.Collect$$libinit$$0000000E)
    __rt_lib_init_user_alloc_1               0x000001c7   Thumb Code     0  libinit2.o(.ARM.Collect$$libinit$$0000000C)
    __rt_lib_init_lc_collate_1               0x000001cd   Thumb Code     0  libinit2.o(.ARM.Collect$$libinit$$00000011)
    __rt_lib_init_lc_ctype_2                 0x000001cd   Thumb Code     0  libinit2.o(.ARM.Collect$$libinit$$00000012)
    __rt_lib_init_lc_ctype_1                 0x000001d9   Thumb Code     0  libinit2.o(.ARM.Collect$$libinit$$00000013)
    __rt_lib_init_lc_monetary_1              0x000001d9   Thumb Code     0  libinit2.o(.ARM.Collect$$libinit$$00000015)
    __rt_lib_init_lc_numeric_2               0x000001d9   Thumb Code     0  libinit2.o(.ARM.Collect$$libinit$$00000016)
    __rt_lib_init_alloca_1                   0x000001e3   Thumb Code     0  libinit2.o(.ARM.Collect$$libinit$$0000002E)
    __rt_lib_init_argv_1                     0x000001e3   Thumb Code     0  libinit2.o(.ARM.Collect$$libinit$$0000002C)
    __rt_lib_init_atexit_1                   0x000001e3   Thumb Code     0  libinit2.o(.ARM.Collect$$libinit$$0000001B)
    __rt_lib_init_clock_1                    0x000001e3   Thumb Code     0  libinit2.o(.ARM.Collect$$libinit$$00000021)
    __rt_lib_init_cpp_1                      0x000001e3   Thumb Code     0  libinit2.o(.ARM.Collect$$libinit$$00000032)
    __rt_lib_init_exceptions_1               0x000001e3   Thumb Code     0  libinit2.o(.ARM.Collect$$libinit$$00000030)
    __rt_lib_init_fp_trap_1                  0x000001e3   Thumb Code     0  libinit2.o(.ARM.Collect$$libinit$$0000001F)
    __rt_lib_init_getenv_1                   0x000001e3   Thumb Code     0  libinit2.o(.ARM.Collect$$libinit$$00000023)
    __rt_lib_init_lc_numeric_1               0x000001e3   Thumb Code     0  libinit2.o(.ARM.Collect$$libinit$$00000017)
    __rt_lib_init_lc_time_1                  0x000001e3   Thumb Code     0  libinit2.o(.ARM.Collect$$libinit$$00000019)
    __rt_lib_init_return                     0x000001e3   Thumb Code     0  libinit2.o(.ARM.Collect$$libinit$$00000033)
    __rt_lib_init_signal_1                   0x000001e3   Thumb Code     0  libinit2.o(.ARM.Collect$$libinit$$0000001D)
    __rt_lib_init_stdio_1                    0x000001e3   Thumb Code     0  libinit2.o(.ARM.Collect$$libinit$$00000025)
    Inline ARM to Thumb Veneer to __rt_lib_shutdown 0x000001f0   ARM Code       8  libshutdown.o(.ARM.Collect$$libshutdown$$00000000)
    __rt_lib_shutdown                        0x000001f9   Thumb Code     0  libshutdown.o(.ARM.Collect$$libshutdown$$00000000)
    __rt_lib_shutdown_cpp_1                  0x000001fd   Thumb Code     0  libshutdown2.o(.ARM.Collect$$libshutdown$$00000002)
    __rt_lib_shutdown_fp_trap_1              0x000001fd   Thumb Code     0  libshutdown2.o(.ARM.Collect$$libshutdown$$00000007)
    __rt_lib_shutdown_heap_1                 0x000001fd   Thumb Code     0  libshutdown2.o(.ARM.Collect$$libshutdown$$0000000F)
    __rt_lib_shutdown_return                 0x000001fd   Thumb Code     0  libshutdown2.o(.ARM.Collect$$libshutdown$$00000010)
    __rt_lib_shutdown_signal_1               0x000001fd   Thumb Code     0  libshutdown2.o(.ARM.Collect$$libshutdown$$0000000A)
    __rt_lib_shutdown_stdio_1                0x000001fd   Thumb Code     0  libshutdown2.o(.ARM.Collect$$libshutdown$$00000004)
    __rt_lib_shutdown_user_alloc_1           0x000001fd   Thumb Code     0  libshutdown2.o(.ARM.Collect$$libshutdown$$0000000C)
    __rt_entry                               0x00000204   ARM Code       0  __rtentry.o(.ARM.Collect$$rtentry$$00000000)
    __rt_entry_presh_1                       0x00000204   ARM Code       0  __rtentry2.o(.ARM.Collect$$rtentry$$00000002)
    __rt_entry_sh                            0x00000204   ARM Code       0  __rtentry4.o(.ARM.Collect$$rtentry$$00000004)
    __rt_entry_li                            0x0000020c   ARM Code       0  __rtentry2.o(.ARM.Collect$$rtentry$$0000000A)
    __rt_entry_postsh_1                      0x0000020c   ARM Code       0  __rtentry2.o(.ARM.Collect$$rtentry$$00000009)
    __rt_entry_main                          0x00000210   ARM Code       0  __rtentry2.o(.ARM.Collect$$rtentry$$0000000D)
    __rt_entry_postli_1                      0x00000210   ARM Code       0  __rtentry2.o(.ARM.Collect$$rtentry$$0000000C)
    Inline Thumb to ARM Veneer to __rt_exit  0x00000239   Thumb Code     4  rtexit.o(.ARM.Collect$$rtexit$$00000000)
    __rt_exit                                0x0000023c   ARM Code       0  rtexit.o(.ARM.Collect$$rtexit$$00000000)
    __rt_exit_ls                             0x00000240   ARM Code       0  rtexit2.o(.ARM.Collect$$rtexit$$00000003)
    __rt_exit_prels_1                        0x00000240   ARM Code       0  rtexit2.o(.ARM.Collect$$rtexit$$00000002)
    __rt_exit_exit                           0x00000244   ARM Code       0  rtexit2.o(.ARM.Collect$$rtexit$$00000004)
    __user_initial_stackheap                 0x0000024c   ARM Code       0  startup.o(.text)
    Inline ARM to Thumb Veneer to __2sprintf 0x0000026c   ARM Code       8  noretval__2sprintf.o(.text)
    __2sprintf                               0x00000275   Thumb Code    36  noretval__2sprintf.o(.text)
    __printf                                 0x0000029d   Thumb Code   118  __printf.o(.text)
    __aeabi_memclr                           0x00000314   ARM Code       0  rt_memclr.o(.text)
    __rt_memclr                              0x00000314   ARM Code      64  rt_memclr.o(.text)
    _memset                                  0x00000318   ARM Code       0  rt_memclr.o(.text)
    __aeabi_memclr4                          0x00000354   ARM Code       0  rt_memclr_w.o(.text)
    __aeabi_memclr8                          0x00000354   ARM Code       0  rt_memclr_w.o(.text)
    __rt_memclr_w                            0x00000354   ARM Code      84  rt_memclr_w.o(.text)
    _memset_w                                0x00000358   ARM Code       0  rt_memclr_w.o(.text)
    __use_two_region_memory                  0x000003a9   Thumb Code     2  heapauxi.o(.text)
    __rt_heap_escrow$2region                 0x000003ab   Thumb Code     2  heapauxi.o(.text)
    __rt_heap_expand$2region                 0x000003ad   Thumb Code     2  heapauxi.o(.text)
    __lib_sel_fp_printf                      0x000003b1   Thumb Code     2  _printf_fp_dec.o(.text)
    _printf_fp_dec_real                      0x00000551   Thumb Code   628  _printf_fp_dec.o(.text)
    _printf_char_common                      0x000007db   Thumb Code    34  _printf_char_common.o(.text)
    _sputc                                   0x00000801   Thumb Code    10  _sputc.o(.text)
    Inline ARM to Thumb Veneer to __strtof_int 0x0000080c   ARM Code       8  strtof.o(.text)
    __strtof_int                             0x00000815   Thumb Code    30  strtof.o(.text)
    Inline Thumb to ARM Veneer to __rt_locale 0x00000835   Thumb Code     4  rt_locale_intlibspace.o(.text)
    __rt_locale                              0x00000838   ARM Code      12  rt_locale_intlibspace.o(.text)
    Inline Thumb to ARM Veneer to _ll_udiv10 0x00000845   Thumb Code     4  lludiv10.o(.text)
    _ll_udiv10                               0x00000848   ARM Code     160  lludiv10.o(.text)
    _printf_fp_infnan                        0x000008e9   Thumb Code   128  _printf_fp_infnan.o(.text)
    __strtod_int                             0x000009b5   Thumb Code    98  strtod.o(.text)
    _btod_etento                             0x00000a29   Thumb Code   214  bigflt0.o(.text)
    Inline Thumb to ARM Veneer to __rt_udiv10 0x00000b05   Thumb Code     4  rtudiv10.o(.text)
    __rt_udiv10                              0x00000b08   ARM Code      44  rtudiv10.o(.text)
    __user_libspace                          0x00000b34   ARM Code      12  libspace.o(.text)
    __user_perproc_libspace                  0x00000b34   ARM Code       0  libspace.o(.text)
    __user_perthread_libspace                0x00000b34   ARM Code       0  libspace.o(.text)
    __user_setup_stackheap                   0x00000b40   ARM Code      96  sys_stackheap_outer.o(.text)
    Inline ARM to Thumb Veneer to __set_errno 0x00000ba0   ARM Code       8  _rserrno.o(.text)
    __read_errno                             0x00000ba9   Thumb Code    14  _rserrno.o(.text)
    __set_errno                              0x00000bb7   Thumb Code    12  _rserrno.o(.text)
    isspace                                  0x00000bc3   Thumb Code    22  isspace.o(.text)
    _sgetc                                   0x00000bd9   Thumb Code    32  _sgetc.o(.text)
    _sbackspace                              0x00000bf9   Thumb Code    36  _sgetc.o(.text)
    exit                                     0x00000c1d   Thumb Code    20  exit.o(.text)
    strcmp                                   0x00000c30   ARM Code     240  strcmp.o(.text)
    Inline Thumb to ARM Veneer to __aeabi_idivmod 0x00000d25   Thumb Code     4  aeabi_sdiv.o(.text)
    __aeabi_idiv                             0x00000d28   ARM Code       0  aeabi_sdiv.o(.text)
    __aeabi_idivmod                          0x00000d28   ARM Code     384  aeabi_sdiv.o(.text)
    Inline Thumb to ARM Veneer to __rt_ctype_table 0x00000ea9   Thumb Code     4  rt_ctype_table.o(.text)
    __rt_ctype_table                         0x00000eac   ARM Code      24  rt_ctype_table.o(.text)
    Inline Thumb to ARM Veneer to __aeabi_errno_addr 0x00000ec5   Thumb Code     4  rt_errno_addr_intlibspace.o(.text)
    __aeabi_errno_addr                       0x00000ec8   ARM Code      12  rt_errno_addr_intlibspace.o(.text)
    __errno$intlibspace                      0x00000ec8   ARM Code       0  rt_errno_addr_intlibspace.o(.text)
    __rt_errno_addr$intlibspace              0x00000ec8   ARM Code       0  rt_errno_addr_intlibspace.o(.text)
    _scanf_really_real                       0x00001133   Thumb Code   732  scanf_fp.o(.text)
    Inline Thumb to ARM Veneer to __aeabi_lmul 0x00001411   Thumb Code     4  llmul.o(.text)
    __aeabi_lmul                             0x00001414   ARM Code       0  llmul.o(.text)
    _ll_mul                                  0x00001414   ARM Code      28  llmul.o(.text)
    Inline ARM to Thumb Veneer to _sys_exit  0x00001430   ARM Code       8  sys_exit.o(.text)
    _sys_exit                                0x00001439   Thumb Code     8  sys_exit.o(.text)
    Inline ARM to Thumb Veneer to _scanf_really_hex_real 0x00001444   ARM Code       8  scanf_hexfp.o(.text)
    _scanf_really_hex_real                   0x0000144d   Thumb Code   826  scanf_hexfp.o(.text)
    Inline ARM to Thumb Veneer to _scanf_really_infnan 0x00001794   ARM Code       8  scanf_infnan.o(.text)
    _scanf_really_infnan                     0x0000179d   Thumb Code   320  scanf_infnan.o(.text)
    __I$use$semihosting                      0x000018ec   ARM Code       0  use_no_semi.o(.text)
    __use_no_semihosting_swi                 0x000018ec   ARM Code       4  use_no_semi.o(.text)
    Inline Thumb to ARM Veneer to __aeabi_llsl 0x000018f1   Thumb Code     4  llshl.o(.text)
    __semihosting_library_function           0x000018f0   ARM Code       0  indicate_semi.o(.text)
    __aeabi_llsl                             0x000018f4   ARM Code       0  llshl.o(.text)
    _ll_shift_l                              0x000018f4   ARM Code      40  llshl.o(.text)
    _chval                                   0x0000191d   Thumb Code    30  _chval.o(.text)
    Inline Thumb to ARM Veneer to _btod_d2e  0x0000193d   Thumb Code     4  btod.o(CL$$btod_d2e)
    _btod_d2e                                0x00001940   ARM Code      56  btod.o(CL$$btod_d2e)
    _d2e_denorm_low                          0x00001978   ARM Code      84  btod.o(CL$$btod_d2e_denorm_low)
    _d2e_norm_op1                            0x000019cc   ARM Code     104  btod.o(CL$$btod_d2e_norm_op1)
    __btod_div_common                        0x00001a34   ARM Code     716  btod.o(CL$$btod_div_common)
    _e2d                                     0x00001d80   ARM Code     148  btod.o(CL$$btod_e2d)
    _e2e                                     0x00001e1c   ARM Code     244  btod.o(CL$$btod_e2e)
    Inline Thumb to ARM Veneer to _btod_ediv 0x00001f11   Thumb Code     4  btod.o(CL$$btod_ediv)
    _btod_ediv                               0x00001f14   ARM Code      56  btod.o(CL$$btod_ediv)
    Inline Thumb to ARM Veneer to _btod_edivd 0x00001f4d   Thumb Code     4  btod.o(CL$$btod_edivd)
    _btod_edivd                              0x00001f50   ARM Code      56  btod.o(CL$$btod_edivd)
    Inline Thumb to ARM Veneer to _btod_emul 0x00001f89   Thumb Code     4  btod.o(CL$$btod_emul)
    _btod_emul                               0x00001f8c   ARM Code      56  btod.o(CL$$btod_emul)
    Inline Thumb to ARM Veneer to _btod_emuld 0x00001fc5   Thumb Code     4  btod.o(CL$$btod_emuld)
    _btod_emuld                              0x00001fc8   ARM Code      56  btod.o(CL$$btod_emuld)
    __btod_mult_common                       0x00002000   ARM Code     616  btod.o(CL$$btod_mult_common)
    Short Thumb to ARM Veneer to _scanf_infnan 0x00002269   Thumb Code     8  anon$$obj.o(Veneer$$Code)
    Long ARM to Thumb Veneer to _printf_fp_dec_real 0x00002270   ARM Code      12  anon$$obj.o(Veneer$$Code)
    Long ARM to Thumb Veneer to _scanf_really_real 0x0000227c   ARM Code      12  anon$$obj.o(Veneer$$Code)
    LCD_Init                                 0x000026dc   ARM Code     196  main.o(i.LCD_Init)
    LCD_send_CMD                             0x000027a8   ARM Code     364  main.o(i.LCD_send_CMD)
    LCD_send_Data                            0x00002918   ARM Code     364  main.o(i.LCD_send_Data)
    LCD_send_String                          0x00002a88   ARM Code      68  main.o(i.LCD_send_String)
    PLL_init                                 0x00002acc   ARM Code     200  main.o(i.PLL_init)
    Timer0_init_1Ms                          0x00002ba4   ARM Code      24  main.o(i.Timer0_init_1Ms)
    UART0_Init                               0x00002bc0   ARM Code      84  main.o(i.UART0_Init)
    UART0_RX                                 0x00002c18   ARM Code      36  main.o(i.UART0_RX)
    UART0_TX                                 0x00002c40   ARM Code      36  main.o(i.UART0_TX)
    UART0_TX_String                          0x00002c68   ARM Code      44  main.o(i.UART0_TX_String)
    __ARM_common_call_via_r1                 0x00002c95   Thumb Code     2  __printf.o(i.__ARM_common_call_via_r1)
    __ARM_common_call_via_r2                 0x00002c97   Thumb Code     2  __printf.o(i.__ARM_common_call_via_r2)
    Inline Thumb to ARM Veneer to __ARM_fpclassify 0x00002c99   Thumb Code     4  fpclassify.o(i.__ARM_fpclassify)
    __ARM_fpclassify                         0x00002c9c   ARM Code      48  fpclassify.o(i.__ARM_fpclassify)
    __mathlib_dbl_overflow                   0x00002ccc   ARM Code      20  dunder.o(i.__mathlib_dbl_overflow)
    __mathlib_dbl_underflow                  0x00002ce0   ARM Code      20  dunder.o(i.__mathlib_dbl_underflow)
    Inline Thumb to ARM Veneer to __mathlib_narrow 0x00002cf5   Thumb Code     4  narrow.o(i.__mathlib_narrow)
    __mathlib_narrow                         0x00002cf8   ARM Code      28  narrow.o(i.__mathlib_narrow)
    __mathlib_tofloat                        0x00002d14   ARM Code     300  narrow.o(i.__mathlib_tofloat)
    Inline Thumb to ARM Veneer to __support_ldexp 0x00002e41   Thumb Code     4  ldexp.o(i.__support_ldexp)
    __support_ldexp                          0x00002e44   ARM Code      36  ldexp.o(i.__support_ldexp)
    _is_digit                                0x00002e69   Thumb Code    14  __printf_wp.o(i._is_digit)
    delay                                    0x00002e78   ARM Code      64  main.o(i.delay)
    frexp                                    0x00002ebc   ARM Code     128  frexp.o(i.frexp)
    ldexp                                    0x00002f3c   ARM Code     184  ldexp.o(i.ldexp)
    main                                     0x00002ff4   ARM Code     408  main.o(i.main)
    strtof                                   0x000031bc   ARM Code      40  strtof.o(i.strtof)
    Inline Thumb to ARM Veneer to _get_lc_numeric 0x000031e5   Thumb Code     4  lc_numeric_c.o(locale$$code)
    _get_lc_numeric                          0x000031e8   ARM Code      80  lc_numeric_c.o(locale$$code)
    Inline Thumb to ARM Veneer to _get_lc_ctype 0x00003239   Thumb Code     4  lc_ctype_c.o(locale$$code)
    _get_lc_ctype                            0x0000323c   ARM Code      80  lc_ctype_c.o(locale$$code)
    __aeabi_d2f                              0x0000328c   ARM Code       0  d2f.o(x$fpl$d2f)
    _d2f                                     0x0000328c   ARM Code     108  d2f.o(x$fpl$d2f)
    __fpl_dcheck_NaN1                        0x000032f8   ARM Code      12  dcheck1.o(x$fpl$dcheck1)
    __fpl_dcmp_Inf                           0x00003308   ARM Code      28  dcmpi.o(x$fpl$dcmpinf)
    __aeabi_ddiv                             0x00003324   ARM Code       0  ddiv.o(x$fpl$ddiv)
    _ddiv                                    0x00003324   ARM Code     600  ddiv.o(x$fpl$ddiv)
    __aeabi_cdcmpeq                          0x00003604   ARM Code       0  deqf.o(x$fpl$deqf)
    _dcmpeq                                  0x00003604   ARM Code     148  deqf.o(x$fpl$deqf)
    __aeabi_cdcmple                          0x00003698   ARM Code       0  dleqf.o(x$fpl$dleqf)
    _dcmple                                  0x00003698   ARM Code     148  dleqf.o(x$fpl$dleqf)
    __fpl_dcmple_InfNaN                      0x00003714   ARM Code       0  dleqf.o(x$fpl$dleqf)
    __fpl_dnaninf                            0x0000372c   ARM Code     192  dnaninf.o(x$fpl$dnaninf)
    __fpl_dretinf                            0x000037ec   ARM Code      16  dretinf.o(x$fpl$dretinf)
    __aeabi_cdrcmple                         0x000037fc   ARM Code       0  drleqf.o(x$fpl$drleqf)
    _drcmple                                 0x000037fc   ARM Code     140  drleqf.o(x$fpl$drleqf)
    __aeabi_f2d                              0x00003888   ARM Code       0  f2d.o(x$fpl$f2d)
    _f2d                                     0x00003888   ARM Code     100  f2d.o(x$fpl$f2d)
    __aeabi_fadd                             0x000038ec   ARM Code       0  faddsub_noclz.o(x$fpl$fadd)
    _fadd                                    0x000038ec   ARM Code     196  faddsub_noclz.o(x$fpl$fadd)
    __aeabi_fdiv                             0x000039b0   ARM Code       0  fdiv.o(x$fpl$fdiv)
    _fdiv                                    0x000039b0   ARM Code     396  fdiv.o(x$fpl$fdiv)
    __aeabi_f2uiz                            0x00003b40   ARM Code       0  ffixu.o(x$fpl$ffixu)
    _ffixu                                   0x00003b40   ARM Code      84  ffixu.o(x$fpl$ffixu)
    __aeabi_i2f                              0x00003b94   ARM Code       0  fflt_noclz.o(x$fpl$fflt)
    _fflt                                    0x00003b94   ARM Code      92  fflt_noclz.o(x$fpl$fflt)
    __fflt_normalise                         0x00003ba0   ARM Code       0  fflt_noclz.o(x$fpl$fflt)
    __aeabi_ui2f                             0x00003bf0   ARM Code       0  fflt_noclz.o(x$fpl$ffltu)
    _ffltu                                   0x00003bf0   ARM Code       8  fflt_noclz.o(x$fpl$ffltu)
    __fpl_fnaninf                            0x00003bf8   ARM Code     168  fnaninf.o(x$fpl$fnaninf)
    __fpl_fretinf                            0x00003ca0   ARM Code      16  fretinf.o(x$fpl$fretinf)
    __aeabi_frsub                            0x00003cb0   ARM Code       0  faddsub_noclz.o(x$fpl$frsb)
    _frsb                                    0x00003cb0   ARM Code      20  faddsub_noclz.o(x$fpl$frsb)
    __aeabi_fsub                             0x00003cc4   ARM Code       0  faddsub_noclz.o(x$fpl$fsub)
    _fsub                                    0x00003cc4   ARM Code     304  faddsub_noclz.o(x$fpl$fsub)
    Inline Thumb to ARM Veneer to __ieee_status 0x00003df5   Thumb Code     4  istatus.o(x$fpl$ieeestatus)
    __ieee_status                            0x00003df8   ARM Code       8  istatus.o(x$fpl$ieeestatus)
    _printf_fp_dec                           0x00003e00   ARM Code       4  printf1.o(x$fpl$printf1)
    __fpl_return_NaN                         0x00003e04   ARM Code     116  retnan.o(x$fpl$retnan)
    __ARM_scalbn                             0x00003e78   ARM Code     104  scalbn.o(x$fpl$scalbn)
    Inline Thumb to ARM Veneer to _scanf_real 0x00003ee1   Thumb Code     4  scanf1.o(x$fpl$scanf1)
    _scanf_real                              0x00003ee4   ARM Code       4  scanf1.o(x$fpl$scanf1)
    Inline Thumb to ARM Veneer to _scanf_hex_real 0x00003ee9   Thumb Code     4  scanf2.o(x$fpl$scanf2)
    _scanf_hex_real                          0x00003eec   ARM Code       4  scanf2.o(x$fpl$scanf2)
    _scanf_infnan                            0x00003ef0   ARM Code       4  scanf2.o(x$fpl$scanf2)
    __fpl_cmpreturn                          0x00003ef4   ARM Code      60  trapv.o(x$fpl$trapveneer)
    __I$use$fp                               0x00003f30   Number         0  usenofp.o(x$fpl$usenofp)
    Region$$Table$$Base                      0x00003fcc   Number         0  anon$$obj.o(Region$$Table)
    Region$$Table$$Limit                     0x00003fec   Number         0  anon$$obj.o(Region$$Table)
    __aeabi_HUGE_VAL                         0x00003fec   Data           0  fpconst.o(c$$dinf)
    __aeabi_HUGE_VALL                        0x00003fec   Data           0  fpconst.o(c$$dinf)
    __aeabi_INFINITY                         0x00003fec   Data           0  fpconst.o(c$$dinf)
    __dInf                                   0x00003fec   Data           0  fpconst.o(c$$dinf)
    __huge_val                               0x00003fec   Data           0  fpconst.o(c$$dinf)
    __dbl_max                                0x00003ff4   Data           0  fpconst.o(c$$dmax)
    __ctype                                  0x00004025   Data           0  lc_ctype_c.o(locale$$data)
    data                                     0x40000000   Data           1  main.o(.data)
    test_data                                0x40000004   Data           4  main.o(.data)
    i                                        0x40000008   Data           1  main.o(.data)
    GPS                                      0x4000000c   Data          32  main.o(.bss)
    latitude                                 0x4000002c   Data          15  main.o(.bss)
    longitude                                0x4000003b   Data          15  main.o(.bss)
    buffer                                   0x4000004a   Data          75  main.o(.bss)
    __libspace_start                         0x40000098   Data          96  libspace.o(.bss)
    __temporary_stack_top$libspace           0x400000f8   Data           0  libspace.o(.bss)



==============================================================================

Memory Map of the image

  Image Entry point : 0x00000110

  Load Region LR_IROM1 (Base: 0x00000000, Size: 0x00004134, Max: 0x00080000, ABSOLUTE)

    Execution Region ER_IROM1 (Exec base: 0x00000000, Load base: 0x00000000, Size: 0x00004128, Max: 0x00080000, ABSOLUTE)

    Exec Addr    Load Addr    Size         Type   Attr      Idx    E Section Name        Object

    0x00000000   0x00000000   0x00000110   Code   RO            3    RESET               startup.o
    0x00000110   0x00000110   0x00000008   Code   RO          185  * !!!main             c_t.l(__main.o)
    0x00000118   0x00000118   0x0000003c   Code   RO          572    !!!scatter          c_t.l(__scatter.o)
    0x00000154   0x00000154   0x00000028   Code   RO          574    !!handler_copy      c_t.l(__scatter_copy.o)
    0x0000017c   0x0000017c   0x0000002c   Code   RO          576    !!handler_zi        c_t.l(__scatter_zi.o)
    0x000001a8   0x000001a8   0x00000004   Ven    RO          178    .ARM.Collect$$_printf_percent$$00000000  c_t.l(_printf_percent.o)
    0x000001ac   0x000001ac   0x00000000   Code   RO          178    .ARM.Collect$$_printf_percent$$00000000  c_t.l(_printf_percent.o)
    0x000001ac   0x000001ac   0x00000008   Code   RO          177    .ARM.Collect$$_printf_percent$$00000003  c_t.l(_printf_f.o)
    0x000001b4   0x000001b4   0x00000008   Code   RO          226    .ARM.Collect$$_printf_percent$$00000017  c_t.l(_printf_percent_end.o)
    0x000001bc   0x000001bc   0x00000008   Ven    RO          346    .ARM.Collect$$libinit$$00000000  c_t.l(libinit.o)
    0x000001c4   0x000001c4   0x00000002   Code   RO          346    .ARM.Collect$$libinit$$00000000  c_t.l(libinit.o)
    0x000001c6   0x000001c6   0x00000000   Code   RO          348    .ARM.Collect$$libinit$$00000002  c_t.l(libinit2.o)
    0x000001c6   0x000001c6   0x00000000   Code   RO          350    .ARM.Collect$$libinit$$00000004  c_t.l(libinit2.o)
    0x000001c6   0x000001c6   0x00000000   Code   RO          353    .ARM.Collect$$libinit$$0000000A  c_t.l(libinit2.o)
    0x000001c6   0x000001c6   0x00000000   Code   RO          355    .ARM.Collect$$libinit$$0000000C  c_t.l(libinit2.o)
    0x000001c6   0x000001c6   0x00000000   Code   RO          357    .ARM.Collect$$libinit$$0000000E  c_t.l(libinit2.o)
    0x000001c6   0x000001c6   0x00000006   Code   RO          358    .ARM.Collect$$libinit$$0000000F  c_t.l(libinit2.o)
    0x000001cc   0x000001cc   0x00000000   Code   RO          360    .ARM.Collect$$libinit$$00000011  c_t.l(libinit2.o)
    0x000001cc   0x000001cc   0x0000000c   Code   RO          361    .ARM.Collect$$libinit$$00000012  c_t.l(libinit2.o)
    0x000001d8   0x000001d8   0x00000000   Code   RO          362    .ARM.Collect$$libinit$$00000013  c_t.l(libinit2.o)
    0x000001d8   0x000001d8   0x00000000   Code   RO          364    .ARM.Collect$$libinit$$00000015  c_t.l(libinit2.o)
    0x000001d8   0x000001d8   0x0000000a   Code   RO          365    .ARM.Collect$$libinit$$00000016  c_t.l(libinit2.o)
    0x000001e2   0x000001e2   0x00000000   Code   RO          366    .ARM.Collect$$libinit$$00000017  c_t.l(libinit2.o)
    0x000001e2   0x000001e2   0x00000000   Code   RO          368    .ARM.Collect$$libinit$$00000019  c_t.l(libinit2.o)
    0x000001e2   0x000001e2   0x00000000   Code   RO          370    .ARM.Collect$$libinit$$0000001B  c_t.l(libinit2.o)
    0x000001e2   0x000001e2   0x00000000   Code   RO          372    .ARM.Collect$$libinit$$0000001D  c_t.l(libinit2.o)
    0x000001e2   0x000001e2   0x00000000   Code   RO          374    .ARM.Collect$$libinit$$0000001F  c_t.l(libinit2.o)
    0x000001e2   0x000001e2   0x00000000   Code   RO          376    .ARM.Collect$$libinit$$00000021  c_t.l(libinit2.o)
    0x000001e2   0x000001e2   0x00000000   Code   RO          378    .ARM.Collect$$libinit$$00000023  c_t.l(libinit2.o)
    0x000001e2   0x000001e2   0x00000000   Code   RO          380    .ARM.Collect$$libinit$$00000025  c_t.l(libinit2.o)
    0x000001e2   0x000001e2   0x00000000   Code   RO          384    .ARM.Collect$$libinit$$0000002C  c_t.l(libinit2.o)
    0x000001e2   0x000001e2   0x00000000   Code   RO          386    .ARM.Collect$$libinit$$0000002E  c_t.l(libinit2.o)
    0x000001e2   0x000001e2   0x00000000   Code   RO          388    .ARM.Collect$$libinit$$00000030  c_t.l(libinit2.o)
    0x000001e2   0x000001e2   0x00000000   Code   RO          390    .ARM.Collect$$libinit$$00000032  c_t.l(libinit2.o)
    0x000001e2   0x000001e2   0x0000000c   Code   RO          391    .ARM.Collect$$libinit$$00000033  c_t.l(libinit2.o)
    0x000001ee   0x000001ee   0x00000002   PAD
    0x000001f0   0x000001f0   0x00000008   Ven    RO          477    .ARM.Collect$$libshutdown$$00000000  c_t.l(libshutdown.o)
    0x000001f8   0x000001f8   0x00000004   Code   RO          477    .ARM.Collect$$libshutdown$$00000000  c_t.l(libshutdown.o)
    0x000001fc   0x000001fc   0x00000000   Code   RO          496    .ARM.Collect$$libshutdown$$00000002  c_t.l(libshutdown2.o)
    0x000001fc   0x000001fc   0x00000000   Code   RO          498    .ARM.Collect$$libshutdown$$00000004  c_t.l(libshutdown2.o)
    0x000001fc   0x000001fc   0x00000000   Code   RO          501    .ARM.Collect$$libshutdown$$00000007  c_t.l(libshutdown2.o)
    0x000001fc   0x000001fc   0x00000000   Code   RO          504    .ARM.Collect$$libshutdown$$0000000A  c_t.l(libshutdown2.o)
    0x000001fc   0x000001fc   0x00000000   Code   RO          506    .ARM.Collect$$libshutdown$$0000000C  c_t.l(libshutdown2.o)
    0x000001fc   0x000001fc   0x00000000   Code   RO          509    .ARM.Collect$$libshutdown$$0000000F  c_t.l(libshutdown2.o)
    0x000001fc   0x000001fc   0x00000006   Code   RO          510    .ARM.Collect$$libshutdown$$00000010  c_t.l(libshutdown2.o)
    0x00000202   0x00000202   0x00000002   PAD
    0x00000204   0x00000204   0x00000000   Code   RO          219    .ARM.Collect$$rtentry$$00000000  c_t.l(__rtentry.o)
    0x00000204   0x00000204   0x00000000   Code   RO          239    .ARM.Collect$$rtentry$$00000002  c_t.l(__rtentry2.o)
    0x00000204   0x00000204   0x00000008   Code   RO          251    .ARM.Collect$$rtentry$$00000004  c_t.l(__rtentry4.o)
    0x0000020c   0x0000020c   0x00000000   Code   RO          241    .ARM.Collect$$rtentry$$00000009  c_t.l(__rtentry2.o)
    0x0000020c   0x0000020c   0x00000004   Code   RO          242    .ARM.Collect$$rtentry$$0000000A  c_t.l(__rtentry2.o)
    0x00000210   0x00000210   0x00000000   Code   RO          244    .ARM.Collect$$rtentry$$0000000C  c_t.l(__rtentry2.o)
    0x00000210   0x00000210   0x00000028   Code   RO          245    .ARM.Collect$$rtentry$$0000000D  c_t.l(__rtentry2.o)
    0x00000238   0x00000238   0x00000004   Ven    RO          402    .ARM.Collect$$rtexit$$00000000  c_t.l(rtexit.o)
    0x0000023c   0x0000023c   0x00000004   Code   RO          402    .ARM.Collect$$rtexit$$00000000  c_t.l(rtexit.o)
    0x00000240   0x00000240   0x00000000   Code   RO          428    .ARM.Collect$$rtexit$$00000002  c_t.l(rtexit2.o)
    0x00000240   0x00000240   0x00000004   Code   RO          429    .ARM.Collect$$rtexit$$00000003  c_t.l(rtexit2.o)
    0x00000244   0x00000244   0x00000008   Code   RO          430    .ARM.Collect$$rtexit$$00000004  c_t.l(rtexit2.o)
    0x0000024c   0x0000024c   0x00000020   Code   RO            4    .text               startup.o
    0x0000026c   0x0000026c   0x00000008   Ven    RO          149    .text               c_t.l(noretval__2sprintf.o)
    0x00000274   0x00000274   0x00000028   Code   RO          149    .text               c_t.l(noretval__2sprintf.o)
    0x0000029c   0x0000029c   0x00000076   Code   RO          151    .text               c_t.l(__printf.o)
    0x00000312   0x00000312   0x00000002   PAD
    0x00000314   0x00000314   0x00000040   Code   RO          179    .text               c_t.l(rt_memclr.o)
    0x00000354   0x00000354   0x00000054   Code   RO          181    .text               c_t.l(rt_memclr_w.o)
    0x000003a8   0x000003a8   0x00000006   Code   RO          183    .text               c_t.l(heapauxi.o)
    0x000003ae   0x000003ae   0x00000002   PAD
    0x000003b0   0x000003b0   0x00000420   Code   RO          220    .text               c_t.l(_printf_fp_dec.o)
    0x000007d0   0x000007d0   0x00000030   Code   RO          222    .text               c_t.l(_printf_char_common.o)
    0x00000800   0x00000800   0x0000000a   Code   RO          224    .text               c_t.l(_sputc.o)
    0x0000080a   0x0000080a   0x00000002   PAD
    0x0000080c   0x0000080c   0x00000008   Ven    RO          227    .text               c_t.l(strtof.o)
    0x00000814   0x00000814   0x0000001e   Code   RO          227    .text               c_t.l(strtof.o)
    0x00000832   0x00000832   0x00000002   PAD
    0x00000834   0x00000834   0x00000004   Ven    RO          256    .text               c_t.l(rt_locale_intlibspace.o)
    0x00000838   0x00000838   0x0000000c   Code   RO          256    .text               c_t.l(rt_locale_intlibspace.o)
    0x00000844   0x00000844   0x00000004   Ven    RO          258    .text               c_t.l(lludiv10.o)
    0x00000848   0x00000848   0x000000a0   Code   RO          258    .text               c_t.l(lludiv10.o)
    0x000008e8   0x000008e8   0x00000090   Code   RO          260    .text               c_t.l(_printf_fp_infnan.o)
    0x00000978   0x00000978   0x000000b0   Code   RO          268    .text               c_t.l(strtod.o)
    0x00000a28   0x00000a28   0x000000dc   Code   RO          270    .text               c_t.l(bigflt0.o)
    0x00000b04   0x00000b04   0x00000004   Ven    RO          298    .text               c_t.l(rtudiv10.o)
    0x00000b08   0x00000b08   0x0000002c   Code   RO          298    .text               c_t.l(rtudiv10.o)
    0x00000b34   0x00000b34   0x0000000c   Code   RO          310    .text               c_t.l(libspace.o)
    0x00000b40   0x00000b40   0x00000060   Code   RO          313    .text               c_t.l(sys_stackheap_outer.o)
    0x00000ba0   0x00000ba0   0x00000008   Ven    RO          315    .text               c_t.l(_rserrno.o)
    0x00000ba8   0x00000ba8   0x0000001a   Code   RO          315    .text               c_t.l(_rserrno.o)
    0x00000bc2   0x00000bc2   0x00000016   Code   RO          317    .text               c_t.l(isspace.o)
    0x00000bd8   0x00000bd8   0x00000044   Code   RO          319    .text               c_t.l(_sgetc.o)
    0x00000c1c   0x00000c1c   0x00000014   Code   RO          321    .text               c_t.l(exit.o)
    0x00000c30   0x00000c30   0x000000f4   Code   RO          323    .text               c_t.l(strcmp.o)
    0x00000d24   0x00000d24   0x00000004   Ven    RO          325    .text               c_t.l(aeabi_sdiv.o)
    0x00000d28   0x00000d28   0x00000180   Code   RO          325    .text               c_t.l(aeabi_sdiv.o)
    0x00000ea8   0x00000ea8   0x00000004   Ven    RO          404    .text               c_t.l(rt_ctype_table.o)
    0x00000eac   0x00000eac   0x00000018   Code   RO          404    .text               c_t.l(rt_ctype_table.o)
    0x00000ec4   0x00000ec4   0x00000004   Ven    RO          413    .text               c_t.l(rt_errno_addr_intlibspace.o)
    0x00000ec8   0x00000ec8   0x0000000c   Code   RO          413    .text               c_t.l(rt_errno_addr_intlibspace.o)
    0x00000ed4   0x00000ed4   0x0000053a   Code   RO          415    .text               c_t.l(scanf_fp.o)
    0x0000140e   0x0000140e   0x00000002   PAD
    0x00001410   0x00001410   0x00000004   Ven    RO          436    .text               c_t.l(llmul.o)
    0x00001414   0x00001414   0x0000001c   Code   RO          436    .text               c_t.l(llmul.o)
    0x00001430   0x00001430   0x00000008   Ven    RO          459    .text               c_t.l(sys_exit.o)
    0x00001438   0x00001438   0x0000000c   Code   RO          459    .text               c_t.l(sys_exit.o)
    0x00001444   0x00001444   0x00000008   Ven    RO          463    .text               c_t.l(scanf_hexfp.o)
    0x0000144c   0x0000144c   0x00000348   Code   RO          463    .text               c_t.l(scanf_hexfp.o)
    0x00001794   0x00001794   0x00000008   Ven    RO          465    .text               c_t.l(scanf_infnan.o)
    0x0000179c   0x0000179c   0x00000150   Code   RO          465    .text               c_t.l(scanf_infnan.o)
    0x000018ec   0x000018ec   0x00000004   Code   RO          480    .text               c_t.l(use_no_semi.o)
    0x000018f0   0x000018f0   0x00000000   Code   RO          482    .text               c_t.l(indicate_semi.o)
    0x000018f0   0x000018f0   0x00000004   Ven    RO          485    .text               c_t.l(llshl.o)
    0x000018f4   0x000018f4   0x00000028   Code   RO          485    .text               c_t.l(llshl.o)
    0x0000191c   0x0000191c   0x0000001e   Code   RO          487    .text               c_t.l(_chval.o)
    0x0000193a   0x0000193a   0x00000002   PAD
    0x0000193c   0x0000193c   0x00000004   Ven    RO          273    CL$$btod_d2e        c_t.l(btod.o)
    0x00001940   0x00001940   0x00000038   Code   RO          273    CL$$btod_d2e        c_t.l(btod.o)
    0x00001978   0x00001978   0x00000054   Code   RO          275    CL$$btod_d2e_denorm_low  c_t.l(btod.o)
    0x000019cc   0x000019cc   0x00000068   Code   RO          274    CL$$btod_d2e_norm_op1  c_t.l(btod.o)
    0x00001a34   0x00001a34   0x0000034c   Code   RO          283    CL$$btod_div_common  c_t.l(btod.o)
    0x00001d80   0x00001d80   0x0000009c   Code   RO          281    CL$$btod_e2d        c_t.l(btod.o)
    0x00001e1c   0x00001e1c   0x000000f4   Code   RO          280    CL$$btod_e2e        c_t.l(btod.o)
    0x00001f10   0x00001f10   0x00000004   Ven    RO          277    CL$$btod_ediv       c_t.l(btod.o)
    0x00001f14   0x00001f14   0x00000038   Code   RO          277    CL$$btod_ediv       c_t.l(btod.o)
    0x00001f4c   0x00001f4c   0x00000004   Ven    RO          279    CL$$btod_edivd      c_t.l(btod.o)
    0x00001f50   0x00001f50   0x00000038   Code   RO          279    CL$$btod_edivd      c_t.l(btod.o)
    0x00001f88   0x00001f88   0x00000004   Ven    RO          276    CL$$btod_emul       c_t.l(btod.o)
    0x00001f8c   0x00001f8c   0x00000038   Code   RO          276    CL$$btod_emul       c_t.l(btod.o)
    0x00001fc4   0x00001fc4   0x00000004   Ven    RO          278    CL$$btod_emuld      c_t.l(btod.o)
    0x00001fc8   0x00001fc8   0x00000038   Code   RO          278    CL$$btod_emuld      c_t.l(btod.o)
    0x00002000   0x00002000   0x00000268   Code   RO          282    CL$$btod_mult_common  c_t.l(btod.o)
    0x00002268   0x00002268   0x00000008   Ven    RO          609    Veneer$$Code        anon$$obj.o
    0x00002270   0x00002270   0x0000000c   Ven    RO          610    Veneer$$Code        anon$$obj.o
    0x0000227c   0x0000227c   0x0000000c   Ven    RO          611    Veneer$$Code        anon$$obj.o
    0x00002288   0x00002288   0x0000031c   Code   RO           11    i.GPS_data          main.o
    0x000025a4   0x000025a4   0x00000138   Code   RO           12    i.Get_GPS_data      main.o
    0x000026dc   0x000026dc   0x000000cc   Code   RO           13    i.LCD_Init          main.o
    0x000027a8   0x000027a8   0x00000170   Code   RO           14    i.LCD_send_CMD      main.o
    0x00002918   0x00002918   0x00000170   Code   RO           15    i.LCD_send_Data     main.o
    0x00002a88   0x00002a88   0x00000044   Code   RO           16    i.LCD_send_String   main.o
    0x00002acc   0x00002acc   0x000000d8   Code   RO           17    i.PLL_init          main.o
    0x00002ba4   0x00002ba4   0x0000001c   Code   RO           18    i.Timer0_init_1Ms   main.o
    0x00002bc0   0x00002bc0   0x00000058   Code   RO           21    i.UART0_Init        main.o
    0x00002c18   0x00002c18   0x00000028   Code   RO           22    i.UART0_RX          main.o
    0x00002c40   0x00002c40   0x00000028   Code   RO           23    i.UART0_TX          main.o
    0x00002c68   0x00002c68   0x0000002c   Code   RO           24    i.UART0_TX_String   main.o
    0x00002c94   0x00002c94   0x00000002   Code   RO          155    i.__ARM_common_call_via_r1  c_t.l(__printf.o)
    0x00002c96   0x00002c96   0x00000002   Code   RO          153    i.__ARM_common_call_via_r2  c_t.l(__printf.o)
    0x00002c98   0x00002c98   0x00000004   Ven    RO          302    i.__ARM_fpclassify  m_ts.l(fpclassify.o)
    0x00002c9c   0x00002c9c   0x00000030   Code   RO          302    i.__ARM_fpclassify  m_ts.l(fpclassify.o)
    0x00002ccc   0x00002ccc   0x00000014   Code   RO          533    i.__mathlib_dbl_overflow  m_ts.l(dunder.o)
    0x00002ce0   0x00002ce0   0x00000014   Code   RO          535    i.__mathlib_dbl_underflow  m_ts.l(dunder.o)
    0x00002cf4   0x00002cf4   0x00000004   Ven    RO          304    i.__mathlib_narrow  m_ts.l(narrow.o)
    0x00002cf8   0x00002cf8   0x0000001c   Code   RO          304    i.__mathlib_narrow  m_ts.l(narrow.o)
    0x00002d14   0x00002d14   0x0000012c   Code   RO          305    i.__mathlib_tofloat  m_ts.l(narrow.o)
    0x00002e40   0x00002e40   0x00000004   Ven    RO          514    i.__support_ldexp   m_ts.l(ldexp.o)
    0x00002e44   0x00002e44   0x00000024   Code   RO          514    i.__support_ldexp   m_ts.l(ldexp.o)
    0x00002e68   0x00002e68   0x0000000e   Code   RO          167    i._is_digit         c_t.l(__printf_wp.o)
    0x00002e76   0x00002e76   0x00000002   PAD
    0x00002e78   0x00002e78   0x00000044   Code   RO           25    i.delay             main.o
    0x00002ebc   0x00002ebc   0x00000080   Code   RO          399    i.frexp             m_ts.l(frexp.o)
    0x00002f3c   0x00002f3c   0x000000b8   Code   RO          515    i.ldexp             m_ts.l(ldexp.o)
    0x00002ff4   0x00002ff4   0x000001c8   Code   RO           26    i.main              main.o
    0x000031bc   0x000031bc   0x00000028   Code   RO          216    i.strtof            m_ts.l(strtof.o)
    0x000031e4   0x000031e4   0x00000004   Ven    RO          296    locale$$code        c_t.l(lc_numeric_c.o)
    0x000031e8   0x000031e8   0x00000050   Code   RO          296    locale$$code        c_t.l(lc_numeric_c.o)
    0x00003238   0x00003238   0x00000004   Ven    RO          439    locale$$code        c_t.l(lc_ctype_c.o)
    0x0000323c   0x0000323c   0x00000050   Code   RO          439    locale$$code        c_t.l(lc_ctype_c.o)
    0x0000328c   0x0000328c   0x0000006c   Code   RO          187    x$fpl$d2f           fz_ts.l(d2f.o)
    0x000032f8   0x000032f8   0x00000010   Code   RO          445    x$fpl$dcheck1       fz_ts.l(dcheck1.o)
    0x00003308   0x00003308   0x0000001c   Code   RO          419    x$fpl$dcmpinf       fz_ts.l(dcmpi.o)
    0x00003324   0x00003324   0x000002e0   Code   RO          190    x$fpl$ddiv          fz_ts.l(ddiv.o)
    0x00003604   0x00003604   0x00000094   Code   RO          392    x$fpl$deqf          fz_ts.l(deqf.o)
    0x00003698   0x00003698   0x00000094   Code   RO          421    x$fpl$dleqf         fz_ts.l(dleqf.o)
    0x0000372c   0x0000372c   0x000000c0   Code   RO          229    x$fpl$dnaninf       fz_ts.l(dnaninf.o)
    0x000037ec   0x000037ec   0x00000010   Code   RO          231    x$fpl$dretinf       fz_ts.l(dretinf.o)
    0x000037fc   0x000037fc   0x0000008c   Code   RO          394    x$fpl$drleqf        fz_ts.l(drleqf.o)
    0x00003888   0x00003888   0x00000064   Code   RO          193    x$fpl$f2d           fz_ts.l(f2d.o)
    0x000038ec   0x000038ec   0x000000c4   Code   RO          195    x$fpl$fadd          fz_ts.l(faddsub_noclz.o)
    0x000039b0   0x000039b0   0x00000190   Code   RO          202    x$fpl$fdiv          fz_ts.l(fdiv.o)
    0x00003b40   0x00003b40   0x00000054   Code   RO          205    x$fpl$ffixu         fz_ts.l(ffixu.o)
    0x00003b94   0x00003b94   0x0000005c   Code   RO          210    x$fpl$fflt          fz_ts.l(fflt_noclz.o)
    0x00003bf0   0x00003bf0   0x00000008   Code   RO          209    x$fpl$ffltu         fz_ts.l(fflt_noclz.o)
    0x00003bf8   0x00003bf8   0x000000a8   Code   RO          233    x$fpl$fnaninf       fz_ts.l(fnaninf.o)
    0x00003ca0   0x00003ca0   0x00000010   Code   RO          235    x$fpl$fretinf       fz_ts.l(fretinf.o)
    0x00003cb0   0x00003cb0   0x00000014   Code   RO          196    x$fpl$frsb          fz_ts.l(faddsub_noclz.o)
    0x00003cc4   0x00003cc4   0x00000130   Code   RO          197    x$fpl$fsub          fz_ts.l(faddsub_noclz.o)
    0x00003df4   0x00003df4   0x00000004   Ven    RO          300    x$fpl$ieeestatus    fz_ts.l(istatus.o)
    0x00003df8   0x00003df8   0x00000008   Code   RO          300    x$fpl$ieeestatus    fz_ts.l(istatus.o)
    0x00003e00   0x00003e00   0x00000004   Code   RO          213    x$fpl$printf1       fz_ts.l(printf1.o)
    0x00003e04   0x00003e04   0x00000074   Code   RO          478    x$fpl$retnan        fz_ts.l(retnan.o)
    0x00003e78   0x00003e78   0x00000068   Code   RO          425    x$fpl$scalbn        fz_ts.l(scalbn.o)
    0x00003ee0   0x00003ee0   0x00000004   Ven    RO          396    x$fpl$scanf1        fz_ts.l(scanf1.o)
    0x00003ee4   0x00003ee4   0x00000004   Code   RO          396    x$fpl$scanf1        fz_ts.l(scanf1.o)
    0x00003ee8   0x00003ee8   0x00000004   Ven    RO          451    x$fpl$scanf2        fz_ts.l(scanf2.o)
    0x00003eec   0x00003eec   0x00000008   Code   RO          451    x$fpl$scanf2        fz_ts.l(scanf2.o)
    0x00003ef4   0x00003ef4   0x0000003c   Code   RO          511    x$fpl$trapveneer    fz_ts.l(trapv.o)
    0x00003f30   0x00003f30   0x00000000   Code   RO          237    x$fpl$usenofp       fz_ts.l(usenofp.o)
    0x00003f30   0x00003f30   0x00000094   Data   RO          271    .constdata          c_t.l(bigflt0.o)
    0x00003fc4   0x00003fc4   0x00000007   Data   RO           28    .conststring        main.o
    0x00003fcb   0x00003fcb   0x00000001   PAD
    0x00003fcc   0x00003fcc   0x00000020   Data   RO          570    Region$$Table       anon$$obj.o
    0x00003fec   0x00003fec   0x00000008   Data   RO          447    c$$dinf             fz_ts.l(fpconst.o)
    0x00003ff4   0x00003ff4   0x00000008   Data   RO          450    c$$dmax             fz_ts.l(fpconst.o)
    0x00003ffc   0x00003ffc   0x0000001c   Data   RO          295    locale$$data        c_t.l(lc_numeric_c.o)
    0x00004018   0x00004018   0x00000110   Data   RO          438    locale$$data        c_t.l(lc_ctype_c.o)


    Execution Region RW_IRAM1 (Exec base: 0x40000000, Load base: 0x00004128, Size: 0x00000580, Max: 0x00008000, ABSOLUTE)

    Exec Addr    Load Addr    Size         Type   Attr      Idx    E Section Name        Object

    0x40000000   0x00004128   0x00000009   Data   RW           29    .data               main.o
    0x40000009   0x00004131   0x00000003   PAD
    0x4000000c        -       0x00000089   Zero   RW           27    .bss                main.o
    0x40000095   0x00004131   0x00000003   PAD
    0x40000098        -       0x00000060   Zero   RW          311    .bss                c_t.l(libspace.o)
    0x400000f8        -       0x00000000   Zero   RW            2    HEAP                startup.o
    0x400000f8        -       0x00000488   Zero   RW            1    STACK               startup.o


==============================================================================

Image component sizes


      Code (inc. data)   RO Data    RW Data    ZI Data      Debug   Object Name

      3096        188          7          9        137      13386   main.o
       304         60          0          0       1160        620   startup.o

    ----------------------------------------------------------------------
      3432        256         40         12       1300      14006   Object Totals
        32          8         32          0          0          0   (incl. Generated)
         0          0          1          3          3          0   (incl. Padding)

    ----------------------------------------------------------------------

      Code (inc. data)   RO Data    RW Data    ZI Data      Debug   Library Member Name

         8          0          0          0          0         68   __main.o
       122          0          0          0          0        208   __printf.o
        14          0          0          0          0         60   __printf_wp.o
         0          0          0          0          0          0   __rtentry.o
        44          4          0          0          0          0   __rtentry2.o
         8          0          0          0          0          0   __rtentry4.o
        60          8          0          0          0          0   __scatter.o
        40          0          0          0          0          0   __scatter_copy.o
        44          0          0          0          0          0   __scatter_zi.o
        30          0          0          0          0         60   _chval.o
        48          4          0          0          0         96   _printf_char_common.o
         8          0          0          0          0          0   _printf_f.o
      1056         12          0          0          0        188   _printf_fp_dec.o
       144         16          0          0          0         88   _printf_fp_infnan.o
         4          0          0          0          0          0   _printf_percent.o
         8          0          0          0          0          0   _printf_percent_end.o
        34          0          0          0          0        104   _rserrno.o
        68          0          0          0          0         76   _sgetc.o
        10          0          0          0          0         60   _sputc.o
       388          0          0          0          0         80   aeabi_sdiv.o
       220          6        148          0          0         96   bigflt0.o
      2348        136          0          0          0       1016   btod.o
        20          0          0          0          0         80   exit.o
         6          0          0          0          0        136   heapauxi.o
         0          0          0          0          0          0   indicate_semi.o
        22          0          0          0          0         80   isspace.o
        84          8        272          0          0         92   lc_ctype_c.o
        84          8         28          0          0         92   lc_numeric_c.o
        10          0          0          0          0          0   libinit.o
        40          0          0          0          0          0   libinit2.o
        12          0          0          0          0          0   libshutdown.o
         6          0          0          0          0          0   libshutdown2.o
        12          4          0          0         96         68   libspace.o
        32          0          0          0          0         80   llmul.o
        44          0          0          0          0         68   llshl.o
       164          0          0          0          0         96   lludiv10.o
        48          4          0          0          0         84   noretval__2sprintf.o
        28          4          0          0          0         84   rt_ctype_table.o
        16          4          0          0          0         68   rt_errno_addr_intlibspace.o
        16          4          0          0          0         68   rt_locale_intlibspace.o
        64          0          0          0          0         68   rt_memclr.o
        84          0          0          0          0         80   rt_memclr_w.o
         8          0          0          0          0          0   rtexit.o
        12          0          0          0          0          0   rtexit2.o
        48          0          0          0          0         68   rtudiv10.o
      1338         24          0          0          0        136   scanf_fp.o
       848         14          0          0          0         96   scanf_hexfp.o
       344         16          0          0          0         96   scanf_infnan.o
       244          4          0          0          0         80   strcmp.o
       176         18          0          0          0        132   strtod.o
        38          0          0          0          0         84   strtof.o
        20          4          0          0          0         60   sys_exit.o
        96          0          0          0          0         80   sys_stackheap_outer.o
         4          0          0          0          0         68   use_no_semi.o
       108          4          0          0          0         92   d2f.o
        16          4          0          0          0         68   dcheck1.o
        28          0          0          0          0         68   dcmpi.o
       736        140          0          0          0        228   ddiv.o
       148          4          0          0          0         92   deqf.o
       148          4          0          0          0         92   dleqf.o
       192          0          0          0          0        108   dnaninf.o
        16          0          0          0          0         68   dretinf.o
       140          0          0          0          0         80   drleqf.o
       100          4          0          0          0         84   f2d.o
       520          8          0          0          0        236   faddsub_noclz.o
       400         76          0          0          0         96   fdiv.o
        84          4          0          0          0         84   ffixu.o
       100          0          0          0          0        136   fflt_noclz.o
       168          0          0          0          0         96   fnaninf.o
         0          0         16          0          0          0   fpconst.o
        16          0          0          0          0         68   fretinf.o
        12          0          0          0          0         68   istatus.o
         4          0          0          0          0         68   printf1.o
       116          0          0          0          0         68   retnan.o
       104          0          0          0          0         68   scalbn.o
         8          0          0          0          0         68   scanf1.o
        12          0          0          0          0         84   scanf2.o
        60          0          0          0          0         68   trapv.o
         0          0          0          0          0          0   usenofp.o
        40          0          0          0          0        136   dunder.o
        52          0          0          0          0         68   fpclassify.o
       128          0          0          0          0         96   frexp.o
       224          0          0          0          0        188   ldexp.o
       332          0          0          0          0        192   narrow.o
        40          0          0          0          0         80   strtof.o

    ----------------------------------------------------------------------
     12744        550        464          0         96       7292   Library Totals
        18          0          0          0          0          0   (incl. Padding)

    ----------------------------------------------------------------------

      Code (inc. data)   RO Data    RW Data    ZI Data      Debug   Library Name

      8674        302        448          0         96       4344   c_t.l
      3236        248         16          0          0       2188   fz_ts.l
       816          0          0          0          0        760   m_ts.l

    ----------------------------------------------------------------------
     12744        550        464          0         96       7292   Library Totals

    ----------------------------------------------------------------------

==============================================================================


      Code (inc. data)   RO Data    RW Data    ZI Data      Debug   

     16176        806        504         12       1396      16738   Grand Totals
     16176        806        504         12       1396      16738   ELF Image Totals
     16176        806        504         12          0          0   ROM Totals

==============================================================================

    Total RO  Size (Code + RO Data)                16680 (  16.29kB)
    Total RW  Size (RW Data + ZI Data)              1408 (   1.38kB)
    Total ROM Size (Code + RO Data + RW Data)      16692 (  16.30kB)

==============================================================================

