Component: ARM Compiler 5.06 update 6 (build 750) Tool: armlink [4d35ed]

==============================================================================

Section Cross References

    startup.o(STACK) refers (Special) to heapauxi.o(.text) for __use_two_region_memory
    startup.o(HEAP) refers (Special) to heapauxi.o(.text) for __use_two_region_memory
    startup.o(RESET) refers (Special) to heapauxi.o(.text) for __use_two_region_memory
    startup.o(RESET) refers to startup.o(STACK) for Stack_Top
    startup.o(RESET) refers to __main.o(!!!main) for __main
    startup.o(.text) refers (Special) to heapauxi.o(.text) for __use_two_region_memory
    startup.o(.text) refers to startup.o(HEAP) for Heap_Mem
    startup.o(.text) refers to startup.o(STACK) for Stack_Mem
    rtc_main.o(i.LCD_Init) refers to rtc_main.o(i.PLL_init) for PLL_init
    rtc_main.o(i.LCD_Init) refers to rtc_main.o(i.Timer0_init_1Ms) for Timer0_init_1Ms
    rtc_main.o(i.LCD_Init) refers to rtc_main.o(i.LCD_send_CMD) for LCD_send_CMD
    rtc_main.o(i.LCD_Init) refers to rtc_main.o(i.delay) for delay
    rtc_main.o(i.LCD_send_CMD) refers to rtc_main.o(i.delay) for delay
    rtc_main.o(i.LCD_send_Data) refers to rtc_main.o(i.delay) for delay
    rtc_main.o(i.LCD_send_String) refers to rtc_main.o(i.LCD_send_Data) for LCD_send_Data
    rtc_main.o(i.LCD_send_String) refers to rtc_main.o(i.delay) for delay
    rtc_main.o(i.LSB_BCD_TO_DEC) refers to aeabi_sdiv.o(.text) for __aeabi_idivmod
    rtc_main.o(i.MSB_BCD_TO_DEC) refers to aeabi_sdiv.o(.text) for __aeabi_idivmod
    rtc_main.o(i.RTC_GetTime) refers to rt_memcpy_w.o(.text) for __aeabi_memcpy4
    rtc_main.o(i.UART0_TX_String) refers to rtc_main.o(i.UART0_TX) for UART0_TX
    rtc_main.o(i.main) refers to rtc_main.o(i.RTC_Init) for RTC_Init
    rtc_main.o(i.main) refers to rtc_main.o(i.LCD_Init) for LCD_Init
    rtc_main.o(i.main) refers to rtc_main.o(i.UART0_Init) for UART0_Init
    rtc_main.o(i.main) refers to rt_memclr_w.o(.text) for __aeabi_memclr4
    rtc_main.o(i.main) refers to rtc_main.o(i.RTC_setTime) for RTC_setTime
    rtc_main.o(i.main) refers to rtc_main.o(i.LCD_send_CMD) for LCD_send_CMD
    rtc_main.o(i.main) refers to rtc_main.o(i.LCD_send_String) for LCD_send_String
    rtc_main.o(i.main) refers to rtc_main.o(i.delay) for delay
    rtc_main.o(i.main) refers to rtc_main.o(i.RTC_GetTime) for RTC_GetTime
    rtc_main.o(i.main) refers to rt_memcpy_w.o(.text) for __aeabi_memcpy4
    rtc_main.o(i.main) refers to rtc_main.o(i.MSB_BCD_TO_DEC) for MSB_BCD_TO_DEC
    rtc_main.o(i.main) refers to rtc_main.o(i.LSB_BCD_TO_DEC) for LSB_BCD_TO_DEC
    rtc_main.o(i.main) refers to rtc_main.o(i.UART0_TX_String) for UART0_TX_String
    rtc_main.o(i.main) refers to rtc_main.o(i.UART0_TX) for UART0_TX
    rtc_main.o(i.main) refers to rtc_main.o(.data) for time
    aeabi_sdiv.o(.text_udiv) refers to aeabi_sdiv.o(.text) for __arm_div2
    aeabi_sdiv_div0.o(.text_udiv) refers to aeabi_sdiv_div0.o(.text) for __arm_div2
    __main.o(!!!main) refers to __rtentry.o(.ARM.Collect$$rtentry$$00000000) for __rt_entry
    __rtentry.o(.ARM.Collect$$rtentry$$00000000) refers (Special) to __rtentry2.o(.ARM.Collect$$rtentry$$0000000A) for __rt_entry_li
    __rtentry.o(.ARM.Collect$$rtentry$$00000000) refers (Special) to __rtentry2.o(.ARM.Collect$$rtentry$$0000000D) for __rt_entry_main
    __rtentry.o(.ARM.Collect$$rtentry$$00000000) refers (Special) to __rtentry2.o(.ARM.Collect$$rtentry$$0000000C) for __rt_entry_postli_1
    __rtentry.o(.ARM.Collect$$rtentry$$00000000) refers (Special) to __rtentry2.o(.ARM.Collect$$rtentry$$00000009) for __rt_entry_postsh_1
    __rtentry.o(.ARM.Collect$$rtentry$$00000000) refers (Special) to __rtentry2.o(.ARM.Collect$$rtentry$$00000002) for __rt_entry_presh_1
    __rtentry.o(.ARM.Collect$$rtentry$$00000000) refers (Special) to __rtentry4.o(.ARM.Collect$$rtentry$$00000004) for __rt_entry_sh
    aeabi_idiv0_sigfpe.o(.text) refers to rt_div0.o(.text) for __rt_div0
    __rtentry2.o(.ARM.Collect$$rtentry$$00000008) refers to boardinit2.o(.text) for _platform_post_stackheap_init
    __rtentry2.o(.ARM.Collect$$rtentry$$0000000A) refers to libinit.o(.ARM.Collect$$libinit$$00000000) for __rt_lib_init
    __rtentry2.o(.ARM.Collect$$rtentry$$0000000B) refers to boardinit3.o(.text) for _platform_post_lib_init
    __rtentry2.o(.ARM.Collect$$rtentry$$0000000D) refers to exit.o(.text) for exit
    __rtentry2.o(.ARM.Collect$$rtentry$$0000000D) refers to rtc_main.o(i.main) for main
    __rtentry2.o(.ARM.exidx) refers to __rtentry2.o(.ARM.Collect$$rtentry$$00000001) for .ARM.Collect$$rtentry$$00000001
    __rtentry2.o(.ARM.exidx) refers to __rtentry2.o(.ARM.Collect$$rtentry$$00000008) for .ARM.Collect$$rtentry$$00000008
    __rtentry2.o(.ARM.exidx) refers to __rtentry2.o(.ARM.Collect$$rtentry$$0000000A) for .ARM.Collect$$rtentry$$0000000A
    __rtentry2.o(.ARM.exidx) refers to __rtentry2.o(.ARM.Collect$$rtentry$$0000000B) for .ARM.Collect$$rtentry$$0000000B
    __rtentry2.o(.ARM.exidx) refers to __rtentry2.o(.ARM.Collect$$rtentry$$0000000D) for .ARM.Collect$$rtentry$$0000000D
    __rtentry4.o(.ARM.Collect$$rtentry$$00000004) refers to sys_stackheap_outer.o(.text) for __user_setup_stackheap
    __rtentry4.o(.ARM.exidx) refers to __rtentry4.o(.ARM.Collect$$rtentry$$00000004) for .ARM.Collect$$rtentry$$00000004
    rt_div0.o(.text) refers to defsig_fpe_outer.o(.text) for __rt_SIGFPE
    sys_stackheap_outer.o(.text) refers to libspace.o(.text) for __user_perproc_libspace
    sys_stackheap_outer.o(.text) refers to startup.o(.text) for __user_initial_stackheap
    exit.o(.text) refers to rtexit.o(.ARM.Collect$$rtexit$$00000000) for __rt_exit
    defsig_fpe_outer.o(.text) refers to defsig_fpe_inner.o(.text) for __rt_SIGFPE_inner
    defsig_fpe_outer.o(.text) refers to defsig_exit.o(.text) for __sig_exit
    defsig_fpe_formal.o(.text) refers to rt_raise.o(.text) for __rt_raise
    libinit.o(.ARM.Collect$$libinit$$00000000) refers (Special) to libinit2.o(.ARM.Collect$$libinit$$0000002E) for __rt_lib_init_alloca_1
    libinit.o(.ARM.Collect$$libinit$$00000000) refers (Special) to libinit2.o(.ARM.Collect$$libinit$$0000002C) for __rt_lib_init_argv_1
    libinit.o(.ARM.Collect$$libinit$$00000000) refers (Special) to libinit2.o(.ARM.Collect$$libinit$$0000001B) for __rt_lib_init_atexit_1
    libinit.o(.ARM.Collect$$libinit$$00000000) refers (Special) to libinit2.o(.ARM.Collect$$libinit$$00000021) for __rt_lib_init_clock_1
    libinit.o(.ARM.Collect$$libinit$$00000000) refers (Special) to libinit2.o(.ARM.Collect$$libinit$$00000032) for __rt_lib_init_cpp_1
    libinit.o(.ARM.Collect$$libinit$$00000000) refers (Special) to libinit2.o(.ARM.Collect$$libinit$$00000030) for __rt_lib_init_exceptions_1
    libinit.o(.ARM.Collect$$libinit$$00000000) refers (Special) to libinit2.o(.ARM.Collect$$libinit$$00000002) for __rt_lib_init_fp_1
    libinit.o(.ARM.Collect$$libinit$$00000000) refers (Special) to libinit2.o(.ARM.Collect$$libinit$$0000001F) for __rt_lib_init_fp_trap_1
    libinit.o(.ARM.Collect$$libinit$$00000000) refers (Special) to libinit2.o(.ARM.Collect$$libinit$$00000023) for __rt_lib_init_getenv_1
    libinit.o(.ARM.Collect$$libinit$$00000000) refers (Special) to libinit2.o(.ARM.Collect$$libinit$$0000000A) for __rt_lib_init_heap_1
    libinit.o(.ARM.Collect$$libinit$$00000000) refers (Special) to libinit2.o(.ARM.Collect$$libinit$$00000011) for __rt_lib_init_lc_collate_1
    libinit.o(.ARM.Collect$$libinit$$00000000) refers (Special) to libinit2.o(.ARM.Collect$$libinit$$00000013) for __rt_lib_init_lc_ctype_1
    libinit.o(.ARM.Collect$$libinit$$00000000) refers (Special) to libinit2.o(.ARM.Collect$$libinit$$00000015) for __rt_lib_init_lc_monetary_1
    libinit.o(.ARM.Collect$$libinit$$00000000) refers (Special) to libinit2.o(.ARM.Collect$$libinit$$00000017) for __rt_lib_init_lc_numeric_1
    libinit.o(.ARM.Collect$$libinit$$00000000) refers (Special) to libinit2.o(.ARM.Collect$$libinit$$00000019) for __rt_lib_init_lc_time_1
    libinit.o(.ARM.Collect$$libinit$$00000000) refers (Special) to libinit2.o(.ARM.Collect$$libinit$$00000004) for __rt_lib_init_preinit_1
    libinit.o(.ARM.Collect$$libinit$$00000000) refers (Special) to libinit2.o(.ARM.Collect$$libinit$$0000000E) for __rt_lib_init_rand_1
    libinit.o(.ARM.Collect$$libinit$$00000000) refers (Special) to libinit2.o(.ARM.Collect$$libinit$$00000033) for __rt_lib_init_return
    libinit.o(.ARM.Collect$$libinit$$00000000) refers (Special) to libinit2.o(.ARM.Collect$$libinit$$0000001D) for __rt_lib_init_signal_1
    libinit.o(.ARM.Collect$$libinit$$00000000) refers (Special) to libinit2.o(.ARM.Collect$$libinit$$00000025) for __rt_lib_init_stdio_1
    libinit.o(.ARM.Collect$$libinit$$00000000) refers (Special) to libinit2.o(.ARM.Collect$$libinit$$0000000C) for __rt_lib_init_user_alloc_1
    libspace.o(.text) refers to libspace.o(.bss) for __libspace_start
    rtexit.o(.ARM.Collect$$rtexit$$00000000) refers (Special) to rtexit2.o(.ARM.Collect$$rtexit$$00000004) for __rt_exit_exit
    rtexit.o(.ARM.Collect$$rtexit$$00000000) refers (Special) to rtexit2.o(.ARM.Collect$$rtexit$$00000003) for __rt_exit_ls
    rtexit.o(.ARM.Collect$$rtexit$$00000000) refers (Special) to rtexit2.o(.ARM.Collect$$rtexit$$00000002) for __rt_exit_prels_1
    rtexit.o(.ARM.exidx) refers (Special) to rtexit2.o(.ARM.Collect$$rtexit$$00000004) for __rt_exit_exit
    rtexit.o(.ARM.exidx) refers (Special) to rtexit2.o(.ARM.Collect$$rtexit$$00000003) for __rt_exit_ls
    rtexit.o(.ARM.exidx) refers (Special) to rtexit2.o(.ARM.Collect$$rtexit$$00000002) for __rt_exit_prels_1
    rtexit.o(.ARM.exidx) refers to rtexit.o(.ARM.Collect$$rtexit$$00000000) for .ARM.Collect$$rtexit$$00000000
    rt_raise.o(.text) refers to __raise.o(.text) for __raise
    rt_raise.o(.text) refers to sys_exit.o(.text) for _sys_exit
    defsig_exit.o(.text) refers to sys_exit.o(.text) for _sys_exit
    defsig_fpe_inner.o(.text) refers to defsig_general.o(.text) for __default_signal_display
    libinit2.o(.ARM.Collect$$libinit$$00000001) refers to fpinit.o(x$fpl$fpinit) for _fp_init
    libinit2.o(.ARM.Collect$$libinit$$00000010) refers to libinit2.o(.ARM.Collect$$libinit$$0000000F) for .ARM.Collect$$libinit$$0000000F
    libinit2.o(.ARM.Collect$$libinit$$00000012) refers to libinit2.o(.ARM.Collect$$libinit$$0000000F) for .ARM.Collect$$libinit$$0000000F
    libinit2.o(.ARM.Collect$$libinit$$00000014) refers to libinit2.o(.ARM.Collect$$libinit$$0000000F) for .ARM.Collect$$libinit$$0000000F
    libinit2.o(.ARM.Collect$$libinit$$00000016) refers to libinit2.o(.ARM.Collect$$libinit$$0000000F) for .ARM.Collect$$libinit$$0000000F
    libinit2.o(.ARM.Collect$$libinit$$00000018) refers to libinit2.o(.ARM.Collect$$libinit$$0000000F) for .ARM.Collect$$libinit$$0000000F
    libinit2.o(.ARM.Collect$$libinit$$00000026) refers to argv_veneer.o(.emb_text) for __ARM_argv_veneer
    libinit2.o(.ARM.Collect$$libinit$$00000027) refers to argv_veneer.o(.emb_text) for __ARM_argv_veneer
    sys_exit.o(.text) refers (Special) to use_no_semi.o(.text) for __I$use$semihosting
    sys_exit.o(.text) refers (Special) to indicate_semi.o(.text) for __semihosting_library_function
    rtexit2.o(.ARM.Collect$$rtexit$$00000003) refers to libshutdown.o(.ARM.Collect$$libshutdown$$00000000) for __rt_lib_shutdown
    rtexit2.o(.ARM.Collect$$rtexit$$00000004) refers to sys_exit.o(.text) for _sys_exit
    rtexit2.o(.ARM.exidx) refers to rtexit2.o(.ARM.Collect$$rtexit$$00000001) for .ARM.Collect$$rtexit$$00000001
    rtexit2.o(.ARM.exidx) refers to rtexit2.o(.ARM.Collect$$rtexit$$00000003) for .ARM.Collect$$rtexit$$00000003
    rtexit2.o(.ARM.exidx) refers to rtexit2.o(.ARM.Collect$$rtexit$$00000004) for .ARM.Collect$$rtexit$$00000004
    __raise.o(.text) refers to __raise.o(i.__ARM_common_call_via_r2) for __ARM_common_call_via_r2
    __raise.o(.text) refers to defsig.o(CL$$defsig) for __default_signal_handler
    defsig_general.o(.text) refers to sys_wrch.o(.text) for _ttywrch
    argv_veneer.o(.emb_text) refers to no_argv.o(.text) for __ARM_get_argv
    sys_wrch.o(.text) refers (Special) to use_no_semi.o(.text) for __I$use$semihosting
    sys_wrch.o(.text) refers (Special) to indicate_semi.o(.text) for __semihosting_library_function
    defsig.o(CL$$defsig) refers to defsig_fpe_inner.o(.text) for __rt_SIGFPE_inner
    defsig.o(CL$$defsig) refers to defsig_rtmem_inner.o(.text) for __rt_SIGRTMEM_inner
    _get_argv_nomalloc.o(.text) refers (Special) to hrguard.o(.text) for __heap_region$guard
    _get_argv_nomalloc.o(.text) refers to defsig_rtmem_outer.o(.text) for __rt_SIGRTMEM
    _get_argv_nomalloc.o(.text) refers to sys_command.o(.text) for _sys_command_string
    libshutdown.o(.ARM.Collect$$libshutdown$$00000000) refers (Special) to libshutdown2.o(.ARM.Collect$$libshutdown$$00000002) for __rt_lib_shutdown_cpp_1
    libshutdown.o(.ARM.Collect$$libshutdown$$00000000) refers (Special) to libshutdown2.o(.ARM.Collect$$libshutdown$$00000007) for __rt_lib_shutdown_fp_trap_1
    libshutdown.o(.ARM.Collect$$libshutdown$$00000000) refers (Special) to libshutdown2.o(.ARM.Collect$$libshutdown$$0000000F) for __rt_lib_shutdown_heap_1
    libshutdown.o(.ARM.Collect$$libshutdown$$00000000) refers (Special) to libshutdown2.o(.ARM.Collect$$libshutdown$$00000010) for __rt_lib_shutdown_return
    libshutdown.o(.ARM.Collect$$libshutdown$$00000000) refers (Special) to libshutdown2.o(.ARM.Collect$$libshutdown$$0000000A) for __rt_lib_shutdown_signal_1
    libshutdown.o(.ARM.Collect$$libshutdown$$00000000) refers (Special) to libshutdown2.o(.ARM.Collect$$libshutdown$$00000004) for __rt_lib_shutdown_stdio_1
    libshutdown.o(.ARM.Collect$$libshutdown$$00000000) refers (Special) to libshutdown2.o(.ARM.Collect$$libshutdown$$0000000C) for __rt_lib_shutdown_user_alloc_1
    sys_command.o(.text) refers (Special) to use_no_semi.o(.text) for __I$use$semihosting
    sys_command.o(.text) refers (Special) to indicate_semi.o(.text) for __semihosting_library_function
    defsig_abrt_inner.o(.text) refers to defsig_general.o(.text) for __default_signal_display
    defsig_rtred_inner.o(.text) refers to defsig_general.o(.text) for __default_signal_display
    defsig_rtmem_inner.o(.text) refers to defsig_general.o(.text) for __default_signal_display
    defsig_rtmem_outer.o(.text) refers to defsig_rtmem_inner.o(.text) for __rt_SIGRTMEM_inner
    defsig_rtmem_outer.o(.text) refers to defsig_exit.o(.text) for __sig_exit
    defsig_rtmem_formal.o(.text) refers to rt_raise.o(.text) for __rt_raise
    defsig_stak_inner.o(.text) refers to defsig_general.o(.text) for __default_signal_display
    defsig_pvfn_inner.o(.text) refers to defsig_general.o(.text) for __default_signal_display
    defsig_cppl_inner.o(.text) refers to defsig_general.o(.text) for __default_signal_display
    defsig_segv_inner.o(.text) refers to defsig_general.o(.text) for __default_signal_display
    defsig_other.o(.text) refers to defsig_general.o(.text) for __default_signal_display


==============================================================================

Removing Unused input sections from the image.

    Removing rtc_main.o(i.Timer0_init_1sec), (36 bytes).
    Removing rtc_main.o(i.Timer0_init_1us), (36 bytes).
    Removing rtc_main.o(i.UART0_RX), (40 bytes).

3 unused section(s) (total 112 bytes) removed from the image.

==============================================================================

Adding Veneers to the image

    Adding AT veneer (8 bytes, Inline) for call to '__rt_lib_init' from __rtentry2.o(.ARM.Collect$$rtentry$$0000000A).
    Adding AT veneer (8 bytes, Inline) for call to '__rt_lib_shutdown' from rtexit2.o(.ARM.Collect$$rtexit$$00000003).
    Adding TA veneer (4 bytes, Inline) for call to '__rt_exit' from exit.o(.text).
    Adding AT veneer (8 bytes, Inline) for call to '_sys_exit' from rtexit2.o(.ARM.Collect$$rtexit$$00000004).

4 Veneer(s) (total 28 bytes) added to the image.

==============================================================================

Image Symbol Table

    Local Symbols

    Symbol Name                              Value     Ov Type        Size  Object(Section)

    RESET                                    0x00000000   Section      272  startup.o(RESET)
    ../clib/angel/boardlib.s                 0x00000000   Number         0  boardshut.o ABSOLUTE
    ../clib/angel/boardlib.s                 0x00000000   Number         0  boardinit1.o ABSOLUTE
    ../clib/angel/boardlib.s                 0x00000000   Number         0  boardinit3.o ABSOLUTE
    ../clib/angel/boardlib.s                 0x00000000   Number         0  boardinit2.o ABSOLUTE
    ../clib/angel/handlers.s                 0x00000000   Number         0  __scatter_copy.o ABSOLUTE
    ../clib/angel/handlers.s                 0x00000000   Number         0  __scatter_zi.o ABSOLUTE
    ../clib/angel/kernel.s                   0x00000000   Number         0  __rtentry2.o ABSOLUTE
    ../clib/angel/kernel.s                   0x00000000   Number         0  rtexit2.o ABSOLUTE
    ../clib/angel/kernel.s                   0x00000000   Number         0  __rtentry4.o ABSOLUTE
    ../clib/angel/kernel.s                   0x00000000   Number         0  rtexit.o ABSOLUTE
    ../clib/angel/kernel.s                   0x00000000   Number         0  __rtentry.o ABSOLUTE
    ../clib/angel/rt.s                       0x00000000   Number         0  aeabi_idiv0_sigfpe.o ABSOLUTE
    ../clib/angel/rt.s                       0x00000000   Number         0  rt_raise.o ABSOLUTE
    ../clib/angel/rt.s                       0x00000000   Number         0  rt_div0.o ABSOLUTE
    ../clib/angel/rt.s                       0x00000000   Number         0  aeabi_idiv0.o ABSOLUTE
    ../clib/angel/scatter.s                  0x00000000   Number         0  __scatter.o ABSOLUTE
    ../clib/angel/startup.s                  0x00000000   Number         0  __main.o ABSOLUTE
    ../clib/angel/sys.s                      0x00000000   Number         0  indicate_semi.o ABSOLUTE
    ../clib/angel/sys.s                      0x00000000   Number         0  use_no_semi.o ABSOLUTE
    ../clib/angel/sys.s                      0x00000000   Number         0  libspace.o ABSOLUTE
    ../clib/angel/sys.s                      0x00000000   Number         0  sys_stackheap_outer.o ABSOLUTE
    ../clib/angel/sysapp.c                   0x00000000   Number         0  sys_wrch.o ABSOLUTE
    ../clib/angel/sysapp.c                   0x00000000   Number         0  sys_exit.o ABSOLUTE
    ../clib/angel/sysapp.c                   0x00000000   Number         0  sys_command.o ABSOLUTE
    ../clib/armsys.c                         0x00000000   Number         0  argv_veneer.o ABSOLUTE
    ../clib/armsys.c                         0x00000000   Number         0  no_argv.o ABSOLUTE
    ../clib/armsys.c                         0x00000000   Number         0  _get_argv_nomalloc.o ABSOLUTE
    ../clib/armsys.c                         0x00000000   Number         0  argv_veneer.o ABSOLUTE
    ../clib/division.s                       0x00000000   Number         0  aeabi_sdiv.o ABSOLUTE
    ../clib/division.s                       0x00000000   Number         0  aeabi_sdiv_div0.o ABSOLUTE
    ../clib/divrt.s                          0x00000000   Number         0  divrt_7tdmi_div0.o ABSOLUTE
    ../clib/divrt.s                          0x00000000   Number         0  divrt_7tdmi.o ABSOLUTE
    ../clib/heapalloc.c                      0x00000000   Number         0  hrguard.o ABSOLUTE
    ../clib/heapaux.c                        0x00000000   Number         0  heapauxi.o ABSOLUTE
    ../clib/libinit.s                        0x00000000   Number         0  libinit.o ABSOLUTE
    ../clib/libinit.s                        0x00000000   Number         0  libshutdown.o ABSOLUTE
    ../clib/libinit.s                        0x00000000   Number         0  libshutdown2.o ABSOLUTE
    ../clib/libinit.s                        0x00000000   Number         0  libinit2.o ABSOLUTE
    ../clib/memcpset.s                       0x00000000   Number         0  rt_memcpy_w.o ABSOLUTE
    ../clib/memcpset.s                       0x00000000   Number         0  rt_memclr_w.o ABSOLUTE
    ../clib/signal.c                         0x00000000   Number         0  defsig_general.o ABSOLUTE
    ../clib/signal.c                         0x00000000   Number         0  defsig_pvfn_inner.o ABSOLUTE
    ../clib/signal.c                         0x00000000   Number         0  defsig_stak_inner.o ABSOLUTE
    ../clib/signal.c                         0x00000000   Number         0  defsig_fpe_inner.o ABSOLUTE
    ../clib/signal.c                         0x00000000   Number         0  defsig_rtmem_outer.o ABSOLUTE
    ../clib/signal.c                         0x00000000   Number         0  defsig_rtmem_inner.o ABSOLUTE
    ../clib/signal.c                         0x00000000   Number         0  defsig_rtred_inner.o ABSOLUTE
    ../clib/signal.c                         0x00000000   Number         0  defsig_exit.o ABSOLUTE
    ../clib/signal.c                         0x00000000   Number         0  defsig_abrt_inner.o ABSOLUTE
    ../clib/signal.c                         0x00000000   Number         0  __raise.o ABSOLUTE
    ../clib/signal.c                         0x00000000   Number         0  defsig_rtmem_formal.o ABSOLUTE
    ../clib/signal.c                         0x00000000   Number         0  defsig_fpe_outer.o ABSOLUTE
    ../clib/signal.c                         0x00000000   Number         0  defsig_fpe_formal.o ABSOLUTE
    ../clib/signal.c                         0x00000000   Number         0  defsig_other.o ABSOLUTE
    ../clib/signal.c                         0x00000000   Number         0  defsig_segv_inner.o ABSOLUTE
    ../clib/signal.c                         0x00000000   Number         0  defsig_cppl_inner.o ABSOLUTE
    ../clib/signal.s                         0x00000000   Number         0  defsig.o ABSOLUTE
    ../clib/stdlib.c                         0x00000000   Number         0  exit.o ABSOLUTE
    ../fplib/fpinit.s                        0x00000000   Number         0  fpinit.o ABSOLUTE
    RTC_main.c                               0x00000000   Number         0  rtc_main.o ABSOLUTE
    Startup.s                                0x00000000   Number         0  startup.o ABSOLUTE
    dc.s                                     0x00000000   Number         0  dc.o ABSOLUTE
    Undef_Handler                            0x00000040   ARM Code       4  startup.o(RESET)
    SWI_Handler                              0x00000044   ARM Code       4  startup.o(RESET)
    PAbt_Handler                             0x00000048   ARM Code       4  startup.o(RESET)
    DAbt_Handler                             0x0000004c   ARM Code       4  startup.o(RESET)
    IRQ_Handler                              0x00000050   ARM Code       4  startup.o(RESET)
    FIQ_Handler                              0x00000054   ARM Code       4  startup.o(RESET)
    !!!main                                  0x00000110   Section        8  __main.o(!!!main)
    !!!scatter                               0x00000118   Section       60  __scatter.o(!!!scatter)
    !!handler_copy                           0x00000154   Section       40  __scatter_copy.o(!!handler_copy)
    !!handler_zi                             0x0000017c   Section       44  __scatter_zi.o(!!handler_zi)
    .ARM.Collect$$libinit$$00000000          0x000001b0   Section        2  libinit.o(.ARM.Collect$$libinit$$00000000)
    .ARM.Collect$$libinit$$00000002          0x000001b2   Section        0  libinit2.o(.ARM.Collect$$libinit$$00000002)
    .ARM.Collect$$libinit$$00000004          0x000001b2   Section        0  libinit2.o(.ARM.Collect$$libinit$$00000004)
    .ARM.Collect$$libinit$$0000000A          0x000001b2   Section        0  libinit2.o(.ARM.Collect$$libinit$$0000000A)
    .ARM.Collect$$libinit$$0000000C          0x000001b2   Section        0  libinit2.o(.ARM.Collect$$libinit$$0000000C)
    .ARM.Collect$$libinit$$0000000E          0x000001b2   Section        0  libinit2.o(.ARM.Collect$$libinit$$0000000E)
    .ARM.Collect$$libinit$$00000011          0x000001b2   Section        0  libinit2.o(.ARM.Collect$$libinit$$00000011)
    .ARM.Collect$$libinit$$00000013          0x000001b2   Section        0  libinit2.o(.ARM.Collect$$libinit$$00000013)
    .ARM.Collect$$libinit$$00000015          0x000001b2   Section        0  libinit2.o(.ARM.Collect$$libinit$$00000015)
    .ARM.Collect$$libinit$$00000017          0x000001b2   Section        0  libinit2.o(.ARM.Collect$$libinit$$00000017)
    .ARM.Collect$$libinit$$00000019          0x000001b2   Section        0  libinit2.o(.ARM.Collect$$libinit$$00000019)
    .ARM.Collect$$libinit$$0000001B          0x000001b2   Section        0  libinit2.o(.ARM.Collect$$libinit$$0000001B)
    .ARM.Collect$$libinit$$0000001D          0x000001b2   Section        0  libinit2.o(.ARM.Collect$$libinit$$0000001D)
    .ARM.Collect$$libinit$$0000001F          0x000001b2   Section        0  libinit2.o(.ARM.Collect$$libinit$$0000001F)
    .ARM.Collect$$libinit$$00000021          0x000001b2   Section        0  libinit2.o(.ARM.Collect$$libinit$$00000021)
    .ARM.Collect$$libinit$$00000023          0x000001b2   Section        0  libinit2.o(.ARM.Collect$$libinit$$00000023)
    .ARM.Collect$$libinit$$00000025          0x000001b2   Section        0  libinit2.o(.ARM.Collect$$libinit$$00000025)
    .ARM.Collect$$libinit$$0000002C          0x000001b2   Section        0  libinit2.o(.ARM.Collect$$libinit$$0000002C)
    .ARM.Collect$$libinit$$0000002E          0x000001b2   Section        0  libinit2.o(.ARM.Collect$$libinit$$0000002E)
    .ARM.Collect$$libinit$$00000030          0x000001b2   Section        0  libinit2.o(.ARM.Collect$$libinit$$00000030)
    .ARM.Collect$$libinit$$00000032          0x000001b2   Section        0  libinit2.o(.ARM.Collect$$libinit$$00000032)
    .ARM.Collect$$libinit$$00000033          0x000001b2   Section       12  libinit2.o(.ARM.Collect$$libinit$$00000033)
    .ARM.Collect$$libshutdown$$00000000      0x000001c8   Section        4  libshutdown.o(.ARM.Collect$$libshutdown$$00000000)
    .ARM.Collect$$libshutdown$$00000002      0x000001cc   Section        0  libshutdown2.o(.ARM.Collect$$libshutdown$$00000002)
    .ARM.Collect$$libshutdown$$00000004      0x000001cc   Section        0  libshutdown2.o(.ARM.Collect$$libshutdown$$00000004)
    .ARM.Collect$$libshutdown$$00000007      0x000001cc   Section        0  libshutdown2.o(.ARM.Collect$$libshutdown$$00000007)
    .ARM.Collect$$libshutdown$$0000000A      0x000001cc   Section        0  libshutdown2.o(.ARM.Collect$$libshutdown$$0000000A)
    .ARM.Collect$$libshutdown$$0000000C      0x000001cc   Section        0  libshutdown2.o(.ARM.Collect$$libshutdown$$0000000C)
    .ARM.Collect$$libshutdown$$0000000F      0x000001cc   Section        0  libshutdown2.o(.ARM.Collect$$libshutdown$$0000000F)
    .ARM.Collect$$libshutdown$$00000010      0x000001cc   Section        6  libshutdown2.o(.ARM.Collect$$libshutdown$$00000010)
    .ARM.Collect$$rtentry$$00000000          0x000001d4   Section        0  __rtentry.o(.ARM.Collect$$rtentry$$00000000)
    .ARM.Collect$$rtentry$$00000002          0x000001d4   Section        0  __rtentry2.o(.ARM.Collect$$rtentry$$00000002)
    .ARM.Collect$$rtentry$$00000004          0x000001d4   Section        8  __rtentry4.o(.ARM.Collect$$rtentry$$00000004)
    .ARM.Collect$$rtentry$$00000009          0x000001dc   Section        0  __rtentry2.o(.ARM.Collect$$rtentry$$00000009)
    .ARM.Collect$$rtentry$$0000000A          0x000001dc   Section        4  __rtentry2.o(.ARM.Collect$$rtentry$$0000000A)
    .ARM.Collect$$rtentry$$0000000C          0x000001e0   Section        0  __rtentry2.o(.ARM.Collect$$rtentry$$0000000C)
    .ARM.Collect$$rtentry$$0000000D          0x000001e0   Section       40  __rtentry2.o(.ARM.Collect$$rtentry$$0000000D)
    .ARM.Collect$$rtexit$$00000000           0x0000020c   Section        4  rtexit.o(.ARM.Collect$$rtexit$$00000000)
    .ARM.Collect$$rtexit$$00000002           0x00000210   Section        0  rtexit2.o(.ARM.Collect$$rtexit$$00000002)
    .ARM.Collect$$rtexit$$00000003           0x00000210   Section        4  rtexit2.o(.ARM.Collect$$rtexit$$00000003)
    .ARM.Collect$$rtexit$$00000004           0x00000214   Section        8  rtexit2.o(.ARM.Collect$$rtexit$$00000004)
    .text                                    0x0000021c   Section       32  startup.o(.text)
    .text                                    0x0000023c   Section      100  rt_memcpy_w.o(.text)
    .text                                    0x000002a0   Section       84  rt_memclr_w.o(.text)
    .text                                    0x000002f4   Section      384  aeabi_sdiv.o(.text)
    __arm_div8                               0x00000320   ARM Code       0  aeabi_sdiv.o(.text)
    __arm_div5                               0x00000344   ARM Code       0  aeabi_sdiv.o(.text)
    __arm_div2                               0x00000368   ARM Code       0  aeabi_sdiv.o(.text)
    __arm_div_large                          0x000003a4   ARM Code       0  aeabi_sdiv.o(.text)
    .text                                    0x00000474   Section        0  heapauxi.o(.text)
    .text                                    0x0000047c   Section       96  sys_stackheap_outer.o(.text)
    .text                                    0x000004dc   Section        0  exit.o(.text)
    .text                                    0x000004f0   Section       12  libspace.o(.text)
    .text                                    0x00000504   Section        0  sys_exit.o(.text)
    .text                                    0x00000510   Section        4  use_no_semi.o(.text)
    .text                                    0x00000514   Section        0  indicate_semi.o(.text)
    i.LCD_Init                               0x00000514   Section        0  rtc_main.o(i.LCD_Init)
    i.LCD_send_CMD                           0x000005e0   Section        0  rtc_main.o(i.LCD_send_CMD)
    i.LCD_send_Data                          0x00000750   Section        0  rtc_main.o(i.LCD_send_Data)
    i.LCD_send_String                        0x000008c0   Section        0  rtc_main.o(i.LCD_send_String)
    i.LSB_BCD_TO_DEC                         0x00000904   Section        0  rtc_main.o(i.LSB_BCD_TO_DEC)
    i.MSB_BCD_TO_DEC                         0x0000092c   Section        0  rtc_main.o(i.MSB_BCD_TO_DEC)
    i.PLL_init                               0x00000954   Section        0  rtc_main.o(i.PLL_init)
    i.RTC_GetTime                            0x00000a2c   Section        0  rtc_main.o(i.RTC_GetTime)
    i.RTC_Init                               0x00000ab8   Section        0  rtc_main.o(i.RTC_Init)
    i.RTC_setTime                            0x00000af8   Section        0  rtc_main.o(i.RTC_setTime)
    i.Timer0_init_1Ms                        0x00000b4c   Section        0  rtc_main.o(i.Timer0_init_1Ms)
    i.UART0_Init                             0x00000b68   Section        0  rtc_main.o(i.UART0_Init)
    i.UART0_TX                               0x00000bc0   Section        0  rtc_main.o(i.UART0_TX)
    i.UART0_TX_String                        0x00000be8   Section        0  rtc_main.o(i.UART0_TX_String)
    i.delay                                  0x00000c14   Section        0  rtc_main.o(i.delay)
    i.main                                   0x00000c58   Section        0  rtc_main.o(i.main)
    .data                                    0x40000000   Section       20  rtc_main.o(.data)
    .bss                                     0x40000014   Section       96  libspace.o(.bss)
    HEAP                                     0x40000078   Section        0  startup.o(HEAP)
    STACK                                    0x40000078   Section     1160  startup.o(STACK)
    Heap_Mem                                 0x40000078   Data           0  startup.o(HEAP)
    Stack_Mem                                0x40000078   Data        1024  startup.o(STACK)
    Stack_Top                                0x40000500   Data           0  startup.o(STACK)

    Global Symbols

    Symbol Name                              Value     Ov Type        Size  Object(Section)

    BuildAttributes$$THM_ISAv1$ARM_ISAv4$S$PE$A:L22$X:L11$S22$IEEE1$IW$USESV6$~STKCKD$USESV7$~SHL$OSPACE$ROPI$EBA8$UX$STANDARDLIB$REQ8$PRES8$EABIv2 0x00000000   Number         0  anon$$obj.o ABSOLUTE
    __ARM_use_no_argv                        0x00000000   Number         0  rtc_main.o ABSOLUTE
    __ARM_exceptions_init                     - Undefined Weak Reference
    __alloca_initialize                       - Undefined Weak Reference
    __arm_preinit_                            - Undefined Weak Reference
    __cpp_initialize__aeabi_                  - Undefined Weak Reference
    __cxa_finalize                            - Undefined Weak Reference
    __rt_locale                               - Undefined Weak Reference
    __sigvec_lookup                           - Undefined Weak Reference
    _atexit_init                              - Undefined Weak Reference
    _call_atexit_fns                          - Undefined Weak Reference
    _clock_init                               - Undefined Weak Reference
    _fp_trap_init                             - Undefined Weak Reference
    _fp_trap_shutdown                         - Undefined Weak Reference
    _get_lc_collate                           - Undefined Weak Reference
    _get_lc_ctype                             - Undefined Weak Reference
    _get_lc_monetary                          - Undefined Weak Reference
    _get_lc_numeric                           - Undefined Weak Reference
    _get_lc_time                              - Undefined Weak Reference
    _getenv_init                              - Undefined Weak Reference
    _handle_redirection                       - Undefined Weak Reference
    _init_alloc                               - Undefined Weak Reference
    _init_user_alloc                          - Undefined Weak Reference
    _initio                                   - Undefined Weak Reference
    _rand_init                                - Undefined Weak Reference
    _signal_finish                            - Undefined Weak Reference
    _signal_init                              - Undefined Weak Reference
    _terminate_alloc                          - Undefined Weak Reference
    _terminate_user_alloc                     - Undefined Weak Reference
    _terminateio                              - Undefined Weak Reference
    Reset_Handler                            0x00000058   ARM Code       0  startup.o(RESET)
    __main                                   0x00000110   ARM Code       8  __main.o(!!!main)
    __scatterload                            0x00000118   ARM Code       0  __scatter.o(!!!scatter)
    __scatterload_rt2                        0x00000118   ARM Code      52  __scatter.o(!!!scatter)
    __scatterload_null                       0x0000012c   ARM Code       0  __scatter.o(!!!scatter)
    __scatterload_copy                       0x00000154   ARM Code      40  __scatter_copy.o(!!handler_copy)
    __scatterload_zeroinit                   0x0000017c   ARM Code      44  __scatter_zi.o(!!handler_zi)
    Inline ARM to Thumb Veneer to __rt_lib_init 0x000001a8   ARM Code       8  libinit.o(.ARM.Collect$$libinit$$00000000)
    __rt_lib_init                            0x000001b1   Thumb Code     0  libinit.o(.ARM.Collect$$libinit$$00000000)
    __rt_lib_init_alloca_1                   0x000001b3   Thumb Code     0  libinit2.o(.ARM.Collect$$libinit$$0000002E)
    __rt_lib_init_argv_1                     0x000001b3   Thumb Code     0  libinit2.o(.ARM.Collect$$libinit$$0000002C)
    __rt_lib_init_atexit_1                   0x000001b3   Thumb Code     0  libinit2.o(.ARM.Collect$$libinit$$0000001B)
    __rt_lib_init_clock_1                    0x000001b3   Thumb Code     0  libinit2.o(.ARM.Collect$$libinit$$00000021)
    __rt_lib_init_cpp_1                      0x000001b3   Thumb Code     0  libinit2.o(.ARM.Collect$$libinit$$00000032)
    __rt_lib_init_exceptions_1               0x000001b3   Thumb Code     0  libinit2.o(.ARM.Collect$$libinit$$00000030)
    __rt_lib_init_fp_1                       0x000001b3   Thumb Code     0  libinit2.o(.ARM.Collect$$libinit$$00000002)
    __rt_lib_init_fp_trap_1                  0x000001b3   Thumb Code     0  libinit2.o(.ARM.Collect$$libinit$$0000001F)
    __rt_lib_init_getenv_1                   0x000001b3   Thumb Code     0  libinit2.o(.ARM.Collect$$libinit$$00000023)
    __rt_lib_init_heap_1                     0x000001b3   Thumb Code     0  libinit2.o(.ARM.Collect$$libinit$$0000000A)
    __rt_lib_init_lc_collate_1               0x000001b3   Thumb Code     0  libinit2.o(.ARM.Collect$$libinit$$00000011)
    __rt_lib_init_lc_ctype_1                 0x000001b3   Thumb Code     0  libinit2.o(.ARM.Collect$$libinit$$00000013)
    __rt_lib_init_lc_monetary_1              0x000001b3   Thumb Code     0  libinit2.o(.ARM.Collect$$libinit$$00000015)
    __rt_lib_init_lc_numeric_1               0x000001b3   Thumb Code     0  libinit2.o(.ARM.Collect$$libinit$$00000017)
    __rt_lib_init_lc_time_1                  0x000001b3   Thumb Code     0  libinit2.o(.ARM.Collect$$libinit$$00000019)
    __rt_lib_init_preinit_1                  0x000001b3   Thumb Code     0  libinit2.o(.ARM.Collect$$libinit$$00000004)
    __rt_lib_init_rand_1                     0x000001b3   Thumb Code     0  libinit2.o(.ARM.Collect$$libinit$$0000000E)
    __rt_lib_init_return                     0x000001b3   Thumb Code     0  libinit2.o(.ARM.Collect$$libinit$$00000033)
    __rt_lib_init_signal_1                   0x000001b3   Thumb Code     0  libinit2.o(.ARM.Collect$$libinit$$0000001D)
    __rt_lib_init_stdio_1                    0x000001b3   Thumb Code     0  libinit2.o(.ARM.Collect$$libinit$$00000025)
    __rt_lib_init_user_alloc_1               0x000001b3   Thumb Code     0  libinit2.o(.ARM.Collect$$libinit$$0000000C)
    Inline ARM to Thumb Veneer to __rt_lib_shutdown 0x000001c0   ARM Code       8  libshutdown.o(.ARM.Collect$$libshutdown$$00000000)
    __rt_lib_shutdown                        0x000001c9   Thumb Code     0  libshutdown.o(.ARM.Collect$$libshutdown$$00000000)
    __rt_lib_shutdown_cpp_1                  0x000001cd   Thumb Code     0  libshutdown2.o(.ARM.Collect$$libshutdown$$00000002)
    __rt_lib_shutdown_fp_trap_1              0x000001cd   Thumb Code     0  libshutdown2.o(.ARM.Collect$$libshutdown$$00000007)
    __rt_lib_shutdown_heap_1                 0x000001cd   Thumb Code     0  libshutdown2.o(.ARM.Collect$$libshutdown$$0000000F)
    __rt_lib_shutdown_return                 0x000001cd   Thumb Code     0  libshutdown2.o(.ARM.Collect$$libshutdown$$00000010)
    __rt_lib_shutdown_signal_1               0x000001cd   Thumb Code     0  libshutdown2.o(.ARM.Collect$$libshutdown$$0000000A)
    __rt_lib_shutdown_stdio_1                0x000001cd   Thumb Code     0  libshutdown2.o(.ARM.Collect$$libshutdown$$00000004)
    __rt_lib_shutdown_user_alloc_1           0x000001cd   Thumb Code     0  libshutdown2.o(.ARM.Collect$$libshutdown$$0000000C)
    __rt_entry                               0x000001d4   ARM Code       0  __rtentry.o(.ARM.Collect$$rtentry$$00000000)
    __rt_entry_presh_1                       0x000001d4   ARM Code       0  __rtentry2.o(.ARM.Collect$$rtentry$$00000002)
    __rt_entry_sh                            0x000001d4   ARM Code       0  __rtentry4.o(.ARM.Collect$$rtentry$$00000004)
    __rt_entry_li                            0x000001dc   ARM Code       0  __rtentry2.o(.ARM.Collect$$rtentry$$0000000A)
    __rt_entry_postsh_1                      0x000001dc   ARM Code       0  __rtentry2.o(.ARM.Collect$$rtentry$$00000009)
    __rt_entry_main                          0x000001e0   ARM Code       0  __rtentry2.o(.ARM.Collect$$rtentry$$0000000D)
    __rt_entry_postli_1                      0x000001e0   ARM Code       0  __rtentry2.o(.ARM.Collect$$rtentry$$0000000C)
    Inline Thumb to ARM Veneer to __rt_exit  0x00000209   Thumb Code     4  rtexit.o(.ARM.Collect$$rtexit$$00000000)
    __rt_exit                                0x0000020c   ARM Code       0  rtexit.o(.ARM.Collect$$rtexit$$00000000)
    __rt_exit_ls                             0x00000210   ARM Code       0  rtexit2.o(.ARM.Collect$$rtexit$$00000003)
    __rt_exit_prels_1                        0x00000210   ARM Code       0  rtexit2.o(.ARM.Collect$$rtexit$$00000002)
    __rt_exit_exit                           0x00000214   ARM Code       0  rtexit2.o(.ARM.Collect$$rtexit$$00000004)
    __user_initial_stackheap                 0x0000021c   ARM Code       0  startup.o(.text)
    __aeabi_memcpy4                          0x0000023c   ARM Code       0  rt_memcpy_w.o(.text)
    __aeabi_memcpy8                          0x0000023c   ARM Code       0  rt_memcpy_w.o(.text)
    __rt_memcpy_w                            0x0000023c   ARM Code     100  rt_memcpy_w.o(.text)
    _memcpy_lastbytes_aligned                0x00000288   ARM Code       0  rt_memcpy_w.o(.text)
    __aeabi_memclr4                          0x000002a0   ARM Code       0  rt_memclr_w.o(.text)
    __aeabi_memclr8                          0x000002a0   ARM Code       0  rt_memclr_w.o(.text)
    __rt_memclr_w                            0x000002a0   ARM Code      84  rt_memclr_w.o(.text)
    _memset_w                                0x000002a4   ARM Code       0  rt_memclr_w.o(.text)
    __aeabi_idiv                             0x000002f4   ARM Code       0  aeabi_sdiv.o(.text)
    __aeabi_idivmod                          0x000002f4   ARM Code     384  aeabi_sdiv.o(.text)
    __use_two_region_memory                  0x00000475   Thumb Code     2  heapauxi.o(.text)
    __rt_heap_escrow$2region                 0x00000477   Thumb Code     2  heapauxi.o(.text)
    __rt_heap_expand$2region                 0x00000479   Thumb Code     2  heapauxi.o(.text)
    __user_setup_stackheap                   0x0000047c   ARM Code      96  sys_stackheap_outer.o(.text)
    exit                                     0x000004dd   Thumb Code    20  exit.o(.text)
    __user_libspace                          0x000004f0   ARM Code      12  libspace.o(.text)
    __user_perproc_libspace                  0x000004f0   ARM Code       0  libspace.o(.text)
    __user_perthread_libspace                0x000004f0   ARM Code       0  libspace.o(.text)
    Inline ARM to Thumb Veneer to _sys_exit  0x000004fc   ARM Code       8  sys_exit.o(.text)
    _sys_exit                                0x00000505   Thumb Code     8  sys_exit.o(.text)
    __I$use$semihosting                      0x00000510   ARM Code       0  use_no_semi.o(.text)
    __use_no_semihosting_swi                 0x00000510   ARM Code       4  use_no_semi.o(.text)
    LCD_Init                                 0x00000514   ARM Code     196  rtc_main.o(i.LCD_Init)
    __semihosting_library_function           0x00000514   ARM Code       0  indicate_semi.o(.text)
    LCD_send_CMD                             0x000005e0   ARM Code     364  rtc_main.o(i.LCD_send_CMD)
    LCD_send_Data                            0x00000750   ARM Code     364  rtc_main.o(i.LCD_send_Data)
    LCD_send_String                          0x000008c0   ARM Code      68  rtc_main.o(i.LCD_send_String)
    LSB_BCD_TO_DEC                           0x00000904   ARM Code      40  rtc_main.o(i.LSB_BCD_TO_DEC)
    MSB_BCD_TO_DEC                           0x0000092c   ARM Code      40  rtc_main.o(i.MSB_BCD_TO_DEC)
    PLL_init                                 0x00000954   ARM Code     200  rtc_main.o(i.PLL_init)
    RTC_GetTime                              0x00000a2c   ARM Code     136  rtc_main.o(i.RTC_GetTime)
    RTC_Init                                 0x00000ab8   ARM Code      56  rtc_main.o(i.RTC_Init)
    RTC_setTime                              0x00000af8   ARM Code      80  rtc_main.o(i.RTC_setTime)
    Timer0_init_1Ms                          0x00000b4c   ARM Code      24  rtc_main.o(i.Timer0_init_1Ms)
    UART0_Init                               0x00000b68   ARM Code      84  rtc_main.o(i.UART0_Init)
    UART0_TX                                 0x00000bc0   ARM Code      36  rtc_main.o(i.UART0_TX)
    UART0_TX_String                          0x00000be8   ARM Code      44  rtc_main.o(i.UART0_TX_String)
    delay                                    0x00000c14   ARM Code      64  rtc_main.o(i.delay)
    main                                     0x00000c58   ARM Code    1804  rtc_main.o(i.main)
    Region$$Table$$Base                      0x00001370   Number         0  anon$$obj.o(Region$$Table)
    Region$$Table$$Limit                     0x00001390   Number         0  anon$$obj.o(Region$$Table)
    time                                     0x40000000   Data          10  rtc_main.o(.data)
    date                                     0x4000000a   Data          10  rtc_main.o(.data)
    __libspace_start                         0x40000014   Data          96  libspace.o(.bss)
    __temporary_stack_top$libspace           0x40000074   Data           0  libspace.o(.bss)



==============================================================================

Memory Map of the image

  Image Entry point : 0x00000110

  Load Region LR_IROM1 (Base: 0x00000000, Size: 0x000013a4, Max: 0x00080000, ABSOLUTE)

    Execution Region ER_IROM1 (Exec base: 0x00000000, Load base: 0x00000000, Size: 0x00001390, Max: 0x00080000, ABSOLUTE)

    Exec Addr    Load Addr    Size         Type   Attr      Idx    E Section Name        Object

    0x00000000   0x00000000   0x00000110   Code   RO            3    RESET               startup.o
    0x00000110   0x00000110   0x00000008   Code   RO          184  * !!!main             c_t.l(__main.o)
    0x00000118   0x00000118   0x0000003c   Code   RO          353    !!!scatter          c_t.l(__scatter.o)
    0x00000154   0x00000154   0x00000028   Code   RO          355    !!handler_copy      c_t.l(__scatter_copy.o)
    0x0000017c   0x0000017c   0x0000002c   Code   RO          357    !!handler_zi        c_t.l(__scatter_zi.o)
    0x000001a8   0x000001a8   0x00000008   Ven    RO          221    .ARM.Collect$$libinit$$00000000  c_t.l(libinit.o)
    0x000001b0   0x000001b0   0x00000002   Code   RO          221    .ARM.Collect$$libinit$$00000000  c_t.l(libinit.o)
    0x000001b2   0x000001b2   0x00000000   Code   RO          234    .ARM.Collect$$libinit$$00000002  c_t.l(libinit2.o)
    0x000001b2   0x000001b2   0x00000000   Code   RO          236    .ARM.Collect$$libinit$$00000004  c_t.l(libinit2.o)
    0x000001b2   0x000001b2   0x00000000   Code   RO          239    .ARM.Collect$$libinit$$0000000A  c_t.l(libinit2.o)
    0x000001b2   0x000001b2   0x00000000   Code   RO          241    .ARM.Collect$$libinit$$0000000C  c_t.l(libinit2.o)
    0x000001b2   0x000001b2   0x00000000   Code   RO          243    .ARM.Collect$$libinit$$0000000E  c_t.l(libinit2.o)
    0x000001b2   0x000001b2   0x00000000   Code   RO          246    .ARM.Collect$$libinit$$00000011  c_t.l(libinit2.o)
    0x000001b2   0x000001b2   0x00000000   Code   RO          248    .ARM.Collect$$libinit$$00000013  c_t.l(libinit2.o)
    0x000001b2   0x000001b2   0x00000000   Code   RO          250    .ARM.Collect$$libinit$$00000015  c_t.l(libinit2.o)
    0x000001b2   0x000001b2   0x00000000   Code   RO          252    .ARM.Collect$$libinit$$00000017  c_t.l(libinit2.o)
    0x000001b2   0x000001b2   0x00000000   Code   RO          254    .ARM.Collect$$libinit$$00000019  c_t.l(libinit2.o)
    0x000001b2   0x000001b2   0x00000000   Code   RO          256    .ARM.Collect$$libinit$$0000001B  c_t.l(libinit2.o)
    0x000001b2   0x000001b2   0x00000000   Code   RO          258    .ARM.Collect$$libinit$$0000001D  c_t.l(libinit2.o)
    0x000001b2   0x000001b2   0x00000000   Code   RO          260    .ARM.Collect$$libinit$$0000001F  c_t.l(libinit2.o)
    0x000001b2   0x000001b2   0x00000000   Code   RO          262    .ARM.Collect$$libinit$$00000021  c_t.l(libinit2.o)
    0x000001b2   0x000001b2   0x00000000   Code   RO          264    .ARM.Collect$$libinit$$00000023  c_t.l(libinit2.o)
    0x000001b2   0x000001b2   0x00000000   Code   RO          266    .ARM.Collect$$libinit$$00000025  c_t.l(libinit2.o)
    0x000001b2   0x000001b2   0x00000000   Code   RO          270    .ARM.Collect$$libinit$$0000002C  c_t.l(libinit2.o)
    0x000001b2   0x000001b2   0x00000000   Code   RO          272    .ARM.Collect$$libinit$$0000002E  c_t.l(libinit2.o)
    0x000001b2   0x000001b2   0x00000000   Code   RO          274    .ARM.Collect$$libinit$$00000030  c_t.l(libinit2.o)
    0x000001b2   0x000001b2   0x00000000   Code   RO          276    .ARM.Collect$$libinit$$00000032  c_t.l(libinit2.o)
    0x000001b2   0x000001b2   0x0000000c   Code   RO          277    .ARM.Collect$$libinit$$00000033  c_t.l(libinit2.o)
    0x000001be   0x000001be   0x00000002   PAD
    0x000001c0   0x000001c0   0x00000008   Ven    RO          310    .ARM.Collect$$libshutdown$$00000000  c_t.l(libshutdown.o)
    0x000001c8   0x000001c8   0x00000004   Code   RO          310    .ARM.Collect$$libshutdown$$00000000  c_t.l(libshutdown.o)
    0x000001cc   0x000001cc   0x00000000   Code   RO          336    .ARM.Collect$$libshutdown$$00000002  c_t.l(libshutdown2.o)
    0x000001cc   0x000001cc   0x00000000   Code   RO          338    .ARM.Collect$$libshutdown$$00000004  c_t.l(libshutdown2.o)
    0x000001cc   0x000001cc   0x00000000   Code   RO          341    .ARM.Collect$$libshutdown$$00000007  c_t.l(libshutdown2.o)
    0x000001cc   0x000001cc   0x00000000   Code   RO          344    .ARM.Collect$$libshutdown$$0000000A  c_t.l(libshutdown2.o)
    0x000001cc   0x000001cc   0x00000000   Code   RO          346    .ARM.Collect$$libshutdown$$0000000C  c_t.l(libshutdown2.o)
    0x000001cc   0x000001cc   0x00000000   Code   RO          349    .ARM.Collect$$libshutdown$$0000000F  c_t.l(libshutdown2.o)
    0x000001cc   0x000001cc   0x00000006   Code   RO          350    .ARM.Collect$$libshutdown$$00000010  c_t.l(libshutdown2.o)
    0x000001d2   0x000001d2   0x00000002   PAD
    0x000001d4   0x000001d4   0x00000000   Code   RO          186    .ARM.Collect$$rtentry$$00000000  c_t.l(__rtentry.o)
    0x000001d4   0x000001d4   0x00000000   Code   RO          192    .ARM.Collect$$rtentry$$00000002  c_t.l(__rtentry2.o)
    0x000001d4   0x000001d4   0x00000008   Code   RO          204    .ARM.Collect$$rtentry$$00000004  c_t.l(__rtentry4.o)
    0x000001dc   0x000001dc   0x00000000   Code   RO          194    .ARM.Collect$$rtentry$$00000009  c_t.l(__rtentry2.o)
    0x000001dc   0x000001dc   0x00000004   Code   RO          195    .ARM.Collect$$rtentry$$0000000A  c_t.l(__rtentry2.o)
    0x000001e0   0x000001e0   0x00000000   Code   RO          197    .ARM.Collect$$rtentry$$0000000C  c_t.l(__rtentry2.o)
    0x000001e0   0x000001e0   0x00000028   Code   RO          198    .ARM.Collect$$rtentry$$0000000D  c_t.l(__rtentry2.o)
    0x00000208   0x00000208   0x00000004   Ven    RO          225    .ARM.Collect$$rtexit$$00000000  c_t.l(rtexit.o)
    0x0000020c   0x0000020c   0x00000004   Code   RO          225    .ARM.Collect$$rtexit$$00000000  c_t.l(rtexit.o)
    0x00000210   0x00000210   0x00000000   Code   RO          281    .ARM.Collect$$rtexit$$00000002  c_t.l(rtexit2.o)
    0x00000210   0x00000210   0x00000004   Code   RO          282    .ARM.Collect$$rtexit$$00000003  c_t.l(rtexit2.o)
    0x00000214   0x00000214   0x00000008   Code   RO          283    .ARM.Collect$$rtexit$$00000004  c_t.l(rtexit2.o)
    0x0000021c   0x0000021c   0x00000020   Code   RO            4    .text               startup.o
    0x0000023c   0x0000023c   0x00000064   Code   RO          162    .text               c_t.l(rt_memcpy_w.o)
    0x000002a0   0x000002a0   0x00000054   Code   RO          164    .text               c_t.l(rt_memclr_w.o)
    0x000002f4   0x000002f4   0x00000180   Code   RO          166    .text               c_t.l(aeabi_sdiv.o)
    0x00000474   0x00000474   0x00000006   Code   RO          182    .text               c_t.l(heapauxi.o)
    0x0000047a   0x0000047a   0x00000002   PAD
    0x0000047c   0x0000047c   0x00000060   Code   RO          208    .text               c_t.l(sys_stackheap_outer.o)
    0x000004dc   0x000004dc   0x00000014   Code   RO          210    .text               c_t.l(exit.o)
    0x000004f0   0x000004f0   0x0000000c   Code   RO          222    .text               c_t.l(libspace.o)
    0x000004fc   0x000004fc   0x00000008   Ven    RO          278    .text               c_t.l(sys_exit.o)
    0x00000504   0x00000504   0x0000000c   Code   RO          278    .text               c_t.l(sys_exit.o)
    0x00000510   0x00000510   0x00000004   Code   RO          299    .text               c_t.l(use_no_semi.o)
    0x00000514   0x00000514   0x00000000   Code   RO          301    .text               c_t.l(indicate_semi.o)
    0x00000514   0x00000514   0x000000cc   Code   RO           11    i.LCD_Init          rtc_main.o
    0x000005e0   0x000005e0   0x00000170   Code   RO           12    i.LCD_send_CMD      rtc_main.o
    0x00000750   0x00000750   0x00000170   Code   RO           13    i.LCD_send_Data     rtc_main.o
    0x000008c0   0x000008c0   0x00000044   Code   RO           14    i.LCD_send_String   rtc_main.o
    0x00000904   0x00000904   0x00000028   Code   RO           15    i.LSB_BCD_TO_DEC    rtc_main.o
    0x0000092c   0x0000092c   0x00000028   Code   RO           16    i.MSB_BCD_TO_DEC    rtc_main.o
    0x00000954   0x00000954   0x000000d8   Code   RO           17    i.PLL_init          rtc_main.o
    0x00000a2c   0x00000a2c   0x0000008c   Code   RO           18    i.RTC_GetTime       rtc_main.o
    0x00000ab8   0x00000ab8   0x00000040   Code   RO           19    i.RTC_Init          rtc_main.o
    0x00000af8   0x00000af8   0x00000054   Code   RO           20    i.RTC_setTime       rtc_main.o
    0x00000b4c   0x00000b4c   0x0000001c   Code   RO           21    i.Timer0_init_1Ms   rtc_main.o
    0x00000b68   0x00000b68   0x00000058   Code   RO           24    i.UART0_Init        rtc_main.o
    0x00000bc0   0x00000bc0   0x00000028   Code   RO           26    i.UART0_TX          rtc_main.o
    0x00000be8   0x00000be8   0x0000002c   Code   RO           27    i.UART0_TX_String   rtc_main.o
    0x00000c14   0x00000c14   0x00000044   Code   RO           28    i.delay             rtc_main.o
    0x00000c58   0x00000c58   0x00000718   Code   RO           29    i.main              rtc_main.o
    0x00001370   0x00001370   0x00000020   Data   RO          351    Region$$Table       anon$$obj.o


    Execution Region RW_IRAM1 (Exec base: 0x40000000, Load base: 0x00001390, Size: 0x00000500, Max: 0x00008000, ABSOLUTE)

    Exec Addr    Load Addr    Size         Type   Attr      Idx    E Section Name        Object

    0x40000000   0x00001390   0x00000014   Data   RW           30    .data               rtc_main.o
    0x40000014        -       0x00000060   Zero   RW          223    .bss                c_t.l(libspace.o)
    0x40000074   0x000013a4   0x00000004   PAD
    0x40000078        -       0x00000000   Zero   RW            2    HEAP                startup.o
    0x40000078        -       0x00000488   Zero   RW            1    STACK               startup.o


==============================================================================

Image component sizes


      Code (inc. data)   RO Data    RW Data    ZI Data      Debug   Object Name

      3676        104          0         20          0      15075   rtc_main.o
       304         60          0          0       1160        644   startup.o

    ----------------------------------------------------------------------
      3980        164         32         20       1160      15719   Object Totals
         0          0         32          0          0          0   (incl. Generated)
         0          0          0          0          0          0   (incl. Padding)

    ----------------------------------------------------------------------

      Code (inc. data)   RO Data    RW Data    ZI Data      Debug   Library Member Name

         8          0          0          0          0         68   __main.o
         0          0          0          0          0          0   __rtentry.o
        44          4          0          0          0          0   __rtentry2.o
         8          0          0          0          0          0   __rtentry4.o
        60          8          0          0          0          0   __scatter.o
        40          0          0          0          0          0   __scatter_copy.o
        44          0          0          0          0          0   __scatter_zi.o
       384          0          0          0          0         80   aeabi_sdiv.o
        20          0          0          0          0         80   exit.o
         6          0          0          0          0        136   heapauxi.o
         0          0          0          0          0          0   indicate_semi.o
        10          0          0          0          0          0   libinit.o
        12          0          0          0          0          0   libinit2.o
        12          0          0          0          0          0   libshutdown.o
         6          0          0          0          0          0   libshutdown2.o
        12          4          0          0         96         68   libspace.o
        84          0          0          0          0         80   rt_memclr_w.o
       100          0          0          0          0         80   rt_memcpy_w.o
         8          0          0          0          0          0   rtexit.o
        12          0          0          0          0          0   rtexit2.o
        20          4          0          0          0         60   sys_exit.o
        96          0          0          0          0         80   sys_stackheap_outer.o
         4          0          0          0          0         68   use_no_semi.o

    ----------------------------------------------------------------------
       996         20          0          0        100        800   Library Totals
         6          0          0          0          4          0   (incl. Padding)

    ----------------------------------------------------------------------

      Code (inc. data)   RO Data    RW Data    ZI Data      Debug   Library Name

       990         20          0          0         96        800   c_t.l

    ----------------------------------------------------------------------
       996         20          0          0        100        800   Library Totals

    ----------------------------------------------------------------------

==============================================================================


      Code (inc. data)   RO Data    RW Data    ZI Data      Debug   

      4976        184         32         20       1260      15647   Grand Totals
      4976        184         32         20       1260      15647   ELF Image Totals
      4976        184         32         20          0          0   ROM Totals

==============================================================================

    Total RO  Size (Code + RO Data)                 5008 (   4.89kB)
    Total RW  Size (RW Data + ZI Data)              1280 (   1.25kB)
    Total ROM Size (Code + RO Data + RW Data)       5028 (   4.91kB)

==============================================================================

